Component: ARM Compiler 6.16 Tool: armlink [5dfeaa00]

==============================================================================

Section Cross References

    lcd.o(.ARM.exidx.text.LCD_create) refers to lcd.o(.text.LCD_create) for [Anonymous Symbol]
    lcd.o(.ARM.exidx.text.LCD_CTRL_BUS) refers to lcd.o(.text.LCD_CTRL_BUS) for [Anonymous Symbol]
    lcd.o(.ARM.exidx.text.LCD_DATA_BUS) refers to lcd.o(.text.LCD_DATA_BUS) for [Anonymous Symbol]
    lcd.o(.text.LCD_setup) refers to sysctl.o(i.SysCtlPeripheralEnable) for SysCtlPeripheralEnable
    lcd.o(.text.LCD_setup) refers to lcd.o(.text.LCD_CTRL_BUS) for LCD_CTRL_BUS
    lcd.o(.text.LCD_setup) refers to gpio.o(.text.GPIOPinTypeGPIOOutput) for GPIOPinTypeGPIOOutput
    lcd.o(.text.LCD_setup) refers to lcd.o(.text.LCD_DATA_BUS) for LCD_DATA_BUS
    lcd.o(.ARM.exidx.text.LCD_setup) refers to lcd.o(.text.LCD_setup) for [Anonymous Symbol]
    lcd.o(.text.LCD_init) refers to lcd.o(.text.LCD_setup) for LCD_setup
    lcd.o(.text.LCD_init) refers to lcd.o(.text.LCD_CTRL_BUS) for LCD_CTRL_BUS
    lcd.o(.text.LCD_init) refers to gpio.o(.text.GPIOPinWrite) for GPIOPinWrite
    lcd.o(.text.LCD_init) refers to lcd.o(.text.LCD_DATA_BUS) for LCD_DATA_BUS
    lcd.o(.text.LCD_init) refers to sysctl.o(.emb_text) for SysCtlDelay
    lcd.o(.text.LCD_init) refers to lcd.o(.text.LCD_sendNibble) for LCD_sendNibble
    lcd.o(.text.LCD_init) refers to lcd.o(.text.LCD_sendByte) for LCD_sendByte
    lcd.o(.text.LCD_init) refers to lcd.o(.text.LCD_clear) for LCD_clear
    lcd.o(.ARM.exidx.text.LCD_init) refers to lcd.o(.text.LCD_init) for [Anonymous Symbol]
    lcd.o(.text.LCD_sendNibble) refers to gpio.o(.text.GPIOPinWrite) for GPIOPinWrite
    lcd.o(.text.LCD_sendNibble) refers to sysctl.o(.emb_text) for SysCtlDelay
    lcd.o(.ARM.exidx.text.LCD_sendNibble) refers to lcd.o(.text.LCD_sendNibble) for [Anonymous Symbol]
    lcd.o(.text.LCD_sendByte) refers to gpio.o(.text.GPIOPinWrite) for GPIOPinWrite
    lcd.o(.text.LCD_sendByte) refers to lcd.o(.text.LCD_inc_cnt) for LCD_inc_cnt
    lcd.o(.text.LCD_sendByte) refers to lcd.o(.text.LCD_sendNibble) for LCD_sendNibble
    lcd.o(.ARM.exidx.text.LCD_sendByte) refers to lcd.o(.text.LCD_sendByte) for [Anonymous Symbol]
    lcd.o(.text.LCD_clear) refers to lcd.o(.text.LCD_sendByte) for LCD_sendByte
    lcd.o(.text.LCD_clear) refers to sysctl.o(.emb_text) for SysCtlDelay
    lcd.o(.ARM.exidx.text.LCD_clear) refers to lcd.o(.text.LCD_clear) for [Anonymous Symbol]
    lcd.o(.text.LCD_inc_cnt) refers to lcd.o(.text.LCD_sendByte) for LCD_sendByte
    lcd.o(.ARM.exidx.text.LCD_inc_cnt) refers to lcd.o(.text.LCD_inc_cnt) for [Anonymous Symbol]
    lcd.o(.text.LCD_sendString) refers to strlen.o(.text) for strlen
    lcd.o(.text.LCD_sendString) refers to lcd.o(.text.LCD_sendByte) for LCD_sendByte
    lcd.o(.ARM.exidx.text.LCD_sendString) refers to lcd.o(.text.LCD_sendString) for [Anonymous Symbol]
    lcd.o(.text.LCD_setPosition) refers to lcd.o(.text.LCD_sendByte) for LCD_sendByte
    lcd.o(.ARM.exidx.text.LCD_setPosition) refers to lcd.o(.text.LCD_setPosition) for [Anonymous Symbol]
    lcd.o(.text.LCD_sendNum) refers to lcd.o(.text.LCD_sendByte) for LCD_sendByte
    lcd.o(.ARM.exidx.text.LCD_sendNum) refers to lcd.o(.text.LCD_sendNum) for [Anonymous Symbol]
    gpio.o(.ARM.exidx.text.GPIODirModeSet) refers to gpio.o(.text.GPIODirModeSet) for [Anonymous Symbol]
    gpio.o(.ARM.exidx.text.GPIODirModeGet) refers to gpio.o(.text.GPIODirModeGet) for [Anonymous Symbol]
    gpio.o(.ARM.exidx.text.GPIOIntTypeSet) refers to gpio.o(.text.GPIOIntTypeSet) for [Anonymous Symbol]
    gpio.o(.ARM.exidx.text.GPIOIntTypeGet) refers to gpio.o(.text.GPIOIntTypeGet) for [Anonymous Symbol]
    gpio.o(.ARM.exidx.text.GPIOPadConfigSet) refers to gpio.o(.text.GPIOPadConfigSet) for [Anonymous Symbol]
    gpio.o(.ARM.exidx.text.GPIOPadConfigGet) refers to gpio.o(.text.GPIOPadConfigGet) for [Anonymous Symbol]
    gpio.o(.ARM.exidx.text.GPIOIntEnable) refers to gpio.o(.text.GPIOIntEnable) for [Anonymous Symbol]
    gpio.o(.ARM.exidx.text.GPIOIntDisable) refers to gpio.o(.text.GPIOIntDisable) for [Anonymous Symbol]
    gpio.o(.ARM.exidx.text.GPIOIntStatus) refers to gpio.o(.text.GPIOIntStatus) for [Anonymous Symbol]
    gpio.o(.ARM.exidx.text.GPIOIntClear) refers to gpio.o(.text.GPIOIntClear) for [Anonymous Symbol]
    gpio.o(.text.GPIOIntRegister) refers to gpio.o(.text._GPIOIntNumberGet) for _GPIOIntNumberGet
    gpio.o(.text.GPIOIntRegister) refers to interrupt.o(i.IntRegister) for IntRegister
    gpio.o(.text.GPIOIntRegister) refers to interrupt.o(i.IntEnable) for IntEnable
    gpio.o(.ARM.exidx.text.GPIOIntRegister) refers to gpio.o(.text.GPIOIntRegister) for [Anonymous Symbol]
    gpio.o(.text._GPIOIntNumberGet) refers to gpio.o(.rodata.g_ppui32GPIOIntMapSnowflake) for g_ppui32GPIOIntMapSnowflake
[...]
    ../fplib/fpinit.s                        0x00000000   Number         0  fpinit.o ABSOLUTE
    ../fplib/fretinf.s                       0x00000000   Number         0  fretinf.o ABSOLUTE
    ../fplib/usenofp.s                       0x00000000   Number         0  usenofp.o ABSOLUTE
    LCD.c                                    0x00000000   Number         0  lcd.o ABSOLUTE
    Main0.c                                  0x00000000   Number         0  main0.o ABSOLUTE
    RTE/Device/TM4C123GH6PM/startup_TM4C123.s 0x00000000   Number         0  startup_tm4c123.o ABSOLUTE
    Trial2.c                                 0x00000000   Number         0  trial2.o ABSOLUTE
    cpu.c                                    0x00000000   Number         0  cpu.o ABSOLUTE
    cpu.c                                    0x00000000   Number         0  cpu.o ABSOLUTE
    dc.s                                     0x00000000   Number         0  dc.o ABSOLUTE
    freertos_evr.c                           0x00000000   Number         0  freertos_evr.o ABSOLUTE
    gpio.c                                   0x00000000   Number         0  gpio.o ABSOLUTE
    heap_1.c                                 0x00000000   Number         0  heap_1.o ABSOLUTE
    interrupt.c                              0x00000000   Number         0  interrupt.o ABSOLUTE
    list.c                                   0x00000000   Number         0  list.o ABSOLUTE
    port.c                                   0x00000000   Number         0  port.o ABSOLUTE
    queue.c                                  0x00000000   Number         0  queue.o ABSOLUTE
    sysctl.c                                 0x00000000   Number         0  sysctl.o ABSOLUTE
    sysctl.c                                 0x00000000   Number         0  sysctl.o ABSOLUTE
    system_TM4C123.c                         0x00000000   Number         0  system_tm4c123.o ABSOLUTE
    tasks.c                                  0x00000000   Number         0  tasks.o ABSOLUTE
    RESET                                    0x00000000   Section      620  startup_tm4c123.o(RESET)
    !!!main                                  0x0000026c   Section        8  __main.o(!!!main)
    !!!scatter                               0x00000274   Section       52  __scatter.o(!!!scatter)
    !!handler_copy                           0x000002a8   Section       26  __scatter_copy.o(!!handler_copy)
    !!handler_zi                             0x000002c4   Section       28  __scatter_zi.o(!!handler_zi)
    .ARM.Collect$$libinit$$00000000          0x000002e0   Section        2  libinit.o(.ARM.Collect$$libinit$$00000000)
    .ARM.Collect$$libinit$$00000001          0x000002e2   Section        4  libinit2.o(.ARM.Collect$$libinit$$00000001)
    .ARM.Collect$$libinit$$00000004          0x000002e6   Section        0  libinit2.o(.ARM.Collect$$libinit$$00000004)
    .ARM.Collect$$libinit$$0000000A          0x000002e6   Section        0  libinit2.o(.ARM.Collect$$libinit$$0000000A)
    .ARM.Collect$$libinit$$0000000C          0x000002e6   Section        0  libinit2.o(.ARM.Collect$$libinit$$0000000C)
    .ARM.Collect$$libinit$$0000000E          0x000002e6   Section        0  libinit2.o(.ARM.Collect$$libinit$$0000000E)
    .ARM.Collect$$libinit$$00000011          0x000002e6   Section        0  libinit2.o(.ARM.Collect$$libinit$$00000011)
    .ARM.Collect$$libinit$$00000013          0x000002e6   Section        0  libinit2.o(.ARM.Collect$$libinit$$00000013)
    .ARM.Collect$$libinit$$00000015          0x000002e6   Section        0  libinit2.o(.ARM.Collect$$libinit$$00000015)
    .ARM.Collect$$libinit$$00000017          0x000002e6   Section        0  libinit2.o(.ARM.Collect$$libinit$$00000017)
    .ARM.Collect$$libinit$$00000019          0x000002e6   Section        0  libinit2.o(.ARM.Collect$$libinit$$00000019)
    .ARM.Collect$$libinit$$0000001B          0x000002e6   Section        0  libinit2.o(.ARM.Collect$$libinit$$0000001B)
    .ARM.Collect$$libinit$$0000001D          0x000002e6   Section        0  libinit2.o(.ARM.Collect$$libinit$$0000001D)
    .ARM.Collect$$libinit$$0000001F          0x000002e6   Section        0  libinit2.o(.ARM.Collect$$libinit$$0000001F)
    .ARM.Collect$$libinit$$00000021          0x000002e6   Section        0  libinit2.o(.ARM.Collect$$libinit$$00000021)
    .ARM.Collect$$libinit$$00000023          0x000002e6   Section        0  libinit2.o(.ARM.Collect$$libinit$$00000023)
    .ARM.Collect$$libinit$$00000025          0x000002e6   Section        0  libinit2.o(.ARM.Collect$$libinit$$00000025)
    .ARM.Collect$$libinit$$0000002C          0x000002e6   Section        0  libinit2.o(.ARM.Collect$$libinit$$0000002C)
    .ARM.Collect$$libinit$$0000002E          0x000002e6   Section        0  libinit2.o(.ARM.Collect$$libinit$$0000002E)
    .ARM.Collect$$libinit$$00000030          0x000002e6   Section        0  libinit2.o(.ARM.Collect$$libinit$$00000030)
    .ARM.Collect$$libinit$$00000032          0x000002e6   Section        0  libinit2.o(.ARM.Collect$$libinit$$00000032)
    .ARM.Collect$$libinit$$00000033          0x000002e6   Section        2  libinit2.o(.ARM.Collect$$libinit$$00000033)
    .ARM.Collect$$libshutdown$$00000000      0x000002e8   Section        2  libshutdown.o(.ARM.Collect$$libshutdown$$00000000)
    .ARM.Collect$$libshutdown$$00000002      0x000002ea   Section        0  libshutdown2.o(.ARM.Collect$$libshutdown$$00000002)
    .ARM.Collect$$libshutdown$$00000004      0x000002ea   Section        0  libshutdown2.o(.ARM.Collect$$libshutdown$$00000004)
    .ARM.Collect$$libshutdown$$00000007      0x000002ea   Section        0  libshutdown2.o(.ARM.Collect$$libshutdown$$00000007)
    .ARM.Collect$$libshutdown$$0000000A      0x000002ea   Section        0  libshutdown2.o(.ARM.Collect$$libshutdown$$0000000A)
    .ARM.Collect$$libshutdown$$0000000C      0x000002ea   Section        0  libshutdown2.o(.ARM.Collect$$libshutdown$$0000000C)
    .ARM.Collect$$libshutdown$$0000000F      0x000002ea   Section        0  libshutdown2.o(.ARM.Collect$$libshutdown$$0000000F)
    .ARM.Collect$$libshutdown$$00000010      0x000002ea   Section        2  libshutdown2.o(.ARM.Collect$$libshutdown$$00000010)
    .ARM.Collect$$rtentry$$00000000          0x000002ec   Section        0  __rtentry.o(.ARM.Collect$$rtentry$$00000000)
    .ARM.Collect$$rtentry$$00000002          0x000002ec   Section        0  __rtentry2.o(.ARM.Collect$$rtentry$$00000002)
    .ARM.Collect$$rtentry$$00000004          0x000002ec   Section        6  __rtentry4.o(.ARM.Collect$$rtentry$$00000004)
    .ARM.Collect$$rtentry$$00000009          0x000002f2   Section        0  __rtentry2.o(.ARM.Collect$$rtentry$$00000009)
    .ARM.Collect$$rtentry$$0000000A          0x000002f2   Section        4  __rtentry2.o(.ARM.Collect$$rtentry$$0000000A)
    .ARM.Collect$$rtentry$$0000000C          0x000002f6   Section        0  __rtentry2.o(.ARM.Collect$$rtentry$$0000000C)
    .ARM.Collect$$rtentry$$0000000D          0x000002f6   Section        8  __rtentry2.o(.ARM.Collect$$rtentry$$0000000D)
    .ARM.Collect$$rtexit$$00000000           0x000002fe   Section        2  rtexit.o(.ARM.Collect$$rtexit$$00000000)
    .ARM.Collect$$rtexit$$00000002           0x00000300   Section        0  rtexit2.o(.ARM.Collect$$rtexit$$00000002)
    .ARM.Collect$$rtexit$$00000003           0x00000300   Section        4  rtexit2.o(.ARM.Collect$$rtexit$$00000003)
    .ARM.Collect$$rtexit$$00000004           0x00000304   Section        6  rtexit2.o(.ARM.Collect$$rtexit$$00000004)
    $v0                                      0x0000030c   Number         0  sysctl.o(.emb_text)
    .emb_text                                0x0000030c   Section        6  sysctl.o(.emb_text)
    $v0                                      0x00000314   Number         0  startup_tm4c123.o(.text)
    .text                                    0x00000314   Section      276  startup_tm4c123.o(.text)
    .text                                    0x00000428   Section        0  strlen.o(.text)
    .text                                    0x00000466   Section      138  rt_memcpy_v6.o(.text)
    .text                                    0x000004f0   Section       16  aeabi_memset4.o(.text)
    .text                                    0x00000500   Section        0  heapauxi.o(.text)
    .text                                    0x00000506   Section      100  rt_memcpy_w.o(.text)
    .text                                    0x0000056a   Section       78  rt_memclr_w.o(.text)
    .text                                    0x000005b8   Section       74  sys_stackheap_outer.o(.text)
    .text                                    0x00000602   Section        0  exit.o(.text)
    .text                                    0x00000614   Section        8  libspace.o(.text)
    .text                                    0x0000061c   Section        0  sys_exit.o(.text)
    .text                                    0x00000628   Section        2  use_no_semi.o(.text)
    .text                                    0x0000062a   Section        0  indicate_semi.o(.text)
    [Anonymous Symbol]                       0x0000062c   Section        0  trial2.o(.text.ADC_Init)
    [Anonymous Symbol]                       0x000006a0   Section        0  trial2.o(.text.Buzzer_Task)
    [Anonymous Symbol]                       0x000006dc   Section        0  gpio.o(.text.GPIODirModeSet)
    [Anonymous Symbol]                       0x00000708   Section        0  gpio.o(.text.GPIOPadConfigSet)
    [Anonymous Symbol]                       0x00000884   Section        0  gpio.o(.text.GPIOPinTypeGPIOOutput)
    [Anonymous Symbol]                       0x000008a0   Section        0  gpio.o(.text.GPIOPinWrite)
    [Anonymous Symbol]                       0x000008a8   Section        0  lcd.o(.text.LCD_CTRL_BUS)
    [Anonymous Symbol]                       0x000008b4   Section        0  lcd.o(.text.LCD_DATA_BUS)
    [Anonymous Symbol]                       0x000008cc   Section        0  trial2.o(.text.LCD_Task)
    [Anonymous Symbol]                       0x000009ac   Section        0  lcd.o(.text.LCD_clear)
    [Anonymous Symbol]                       0x000009c4   Section        0  lcd.o(.text.LCD_create)
    [Anonymous Symbol]                       0x00000a04   Section        0  lcd.o(.text.LCD_inc_cnt)
    [Anonymous Symbol]                       0x00000a40   Section        0  lcd.o(.text.LCD_init)
    [Anonymous Symbol]                       0x00000ae4   Section        0  lcd.o(.text.LCD_sendByte)
    [Anonymous Symbol]                       0x00000b30   Section        0  lcd.o(.text.LCD_sendNibble)
    [Anonymous Symbol]                       0x00000b88   Section        0  lcd.o(.text.LCD_sendString)
    [Anonymous Symbol]                       0x00000bb4   Section        0  lcd.o(.text.LCD_setPosition)
    [Anonymous Symbol]                       0x00000bd8   Section        0  lcd.o(.text.LCD_setup)
    [Anonymous Symbol]                       0x00000c10   Section        0  trial2.o(.text.Main_Task)
    [Anonymous Symbol]                       0x00000db0   Section        0  trial2.o(.text.PORTE_init)
    [Anonymous Symbol]                       0x00000dec   Section        0  trial2.o(.text.PORTF_init)
    [Anonymous Symbol]                       0x00000e34   Section        0  trial2.o(.text.PROJECT_Init)
    [Anonymous Symbol]                       0x00000e90   Section        0  port.o(.text.PendSV_Handler)
    pxCurrentTCBConst                        0x00000ef0   Number         0  port.o(.text.PendSV_Handler)
    [Anonymous Symbol]                       0x00000f00   Section        0  port.o(.text.SVC_Handler)
    pxCurrentTCBConst2                       0x00000f20   Number         0  port.o(.text.SVC_Handler)
    [Anonymous Symbol]                       0x00000f24   Section        0  port.o(.text.SysTick_Handler)
    [Anonymous Symbol]                       0x00000f54   Section        0  system_tm4c123.o(.text.SystemInit)
    [Anonymous Symbol]                       0x00000fc4   Section        0  trial2.o(.text.UART0_Receiver)
    [Anonymous Symbol]                       0x00000fd8   Section        0  trial2.o(.text.UART0_Transmitter)
    [Anonymous Symbol]                       0x00000fec   Section        0  trial2.o(.text.UART_Init)
    [Anonymous Symbol]                       0x00001050   Section        0  trial2.o(.text.UART_Task)
    [Anonymous Symbol]                       0x00001110   Section        0  tasks.o(.text.eTaskConfirmSleepModeStatus)
    [Anonymous Symbol]                       0x0000114c   Section        0  trial2.o(.text.itoa)
    [Anonymous Symbol]                       0x000011b8   Section        0  main0.o(.text.main)
    [Anonymous Symbol]                       0x00001270   Section        0  trial2.o(.text.printstring)
    prvAddCurrentTaskToDelayedList           0x0000128d   Thumb Code   170  tasks.o(.text.prvAddCurrentTaskToDelayedList)
    [Anonymous Symbol]                       0x0000128c   Section        0  tasks.o(.text.prvAddCurrentTaskToDelayedList)
    prvAddNewTaskToReadyList                 0x00001339   Thumb Code   174  tasks.o(.text.prvAddNewTaskToReadyList)
    [Anonymous Symbol]                       0x00001338   Section        0  tasks.o(.text.prvAddNewTaskToReadyList)
    prvCheckTasksWaitingTermination          0x000013e9   Thumb Code    78  tasks.o(.text.prvCheckTasksWaitingTermination)
    [Anonymous Symbol]                       0x000013e8   Section        0  tasks.o(.text.prvCheckTasksWaitingTermination)
    prvCopyDataFromQueue                     0x00001439   Thumb Code    38  queue.o(.text.prvCopyDataFromQueue)
    [Anonymous Symbol]                       0x00001438   Section        0  queue.o(.text.prvCopyDataFromQueue)
    prvCopyDataToQueue                       0x00001461   Thumb Code   122  queue.o(.text.prvCopyDataToQueue)
    [Anonymous Symbol]                       0x00001460   Section        0  queue.o(.text.prvCopyDataToQueue)
    prvDeleteTCB                             0x000014dd   Thumb Code    18  tasks.o(.text.prvDeleteTCB)
    [Anonymous Symbol]                       0x000014dc   Section        0  tasks.o(.text.prvDeleteTCB)
    prvGetExpectedIdleTime                   0x000014f1   Thumb Code    68  tasks.o(.text.prvGetExpectedIdleTime)
    [Anonymous Symbol]                       0x000014f0   Section        0  tasks.o(.text.prvGetExpectedIdleTime)
    prvIdleTask                              0x00001535   Thumb Code   114  tasks.o(.text.prvIdleTask)
    [Anonymous Symbol]                       0x00001534   Section        0  tasks.o(.text.prvIdleTask)
    prvInitialiseNewQueue                    0x000015a9   Thumb Code    36  queue.o(.text.prvInitialiseNewQueue)
    [Anonymous Symbol]                       0x000015a8   Section        0  queue.o(.text.prvInitialiseNewQueue)
    prvInitialiseNewTask                     0x000015cd   Thumb Code   156  tasks.o(.text.prvInitialiseNewTask)
    [Anonymous Symbol]                       0x000015cc   Section        0  tasks.o(.text.prvInitialiseNewTask)
    prvInitialiseTaskLists                   0x00001669   Thumb Code   110  tasks.o(.text.prvInitialiseTaskLists)
    [Anonymous Symbol]                       0x00001668   Section        0  tasks.o(.text.prvInitialiseTaskLists)
    prvIsQueueEmpty                          0x000016d9   Thumb Code    24  queue.o(.text.prvIsQueueEmpty)
    [Anonymous Symbol]                       0x000016d8   Section        0  queue.o(.text.prvIsQueueEmpty)
    prvIsQueueFull                           0x000016f1   Thumb Code    28  queue.o(.text.prvIsQueueFull)
    [Anonymous Symbol]                       0x000016f0   Section        0  queue.o(.text.prvIsQueueFull)
    prvNotifyQueueSetContainer               0x0000170d   Thumb Code   118  queue.o(.text.prvNotifyQueueSetContainer)
    [Anonymous Symbol]                       0x0000170c   Section        0  queue.o(.text.prvNotifyQueueSetContainer)
    prvPortStartFirstTask                    0x00001785   Thumb Code    34  port.o(.text.prvPortStartFirstTask)
    [Anonymous Symbol]                       0x00001784   Section        0  port.o(.text.prvPortStartFirstTask)
    prvResetNextTaskUnblockTime              0x000017ad   Thumb Code    40  tasks.o(.text.prvResetNextTaskUnblockTime)
    [Anonymous Symbol]                       0x000017ac   Section        0  tasks.o(.text.prvResetNextTaskUnblockTime)
    prvTaskExitError                         0x000017d5   Thumb Code    50  port.o(.text.prvTaskExitError)
    [Anonymous Symbol]                       0x000017d4   Section        0  port.o(.text.prvTaskExitError)
    prvUnlockQueue                           0x00001809   Thumb Code   134  queue.o(.text.prvUnlockQueue)
    [Anonymous Symbol]                       0x00001808   Section        0  queue.o(.text.prvUnlockQueue)
    [Anonymous Symbol]                       0x00001890   Section        0  heap_1.o(.text.pvPortMalloc)
    [Anonymous Symbol]                       0x000018ec   Section        0  port.o(.text.pxPortInitialiseStack)
    [Anonymous Symbol]                       0x00001914   Section        0  trial2.o(.text.reverse)
    [Anonymous Symbol]                       0x00001934   Section        0  trial2.o(.text.swap)
    [Anonymous Symbol]                       0x00001940   Section        0  list.o(.text.uxListRemove)
    [Anonymous Symbol]                       0x00001964   Section        0  list.o(.text.vListInitialise)
    [Anonymous Symbol]                       0x0000197c   Section        0  list.o(.text.vListInitialiseItem)
    [Anonymous Symbol]                       0x00001984   Section        0  list.o(.text.vListInsert)
    [Anonymous Symbol]                       0x000019c0   Section        0  list.o(.text.vListInsertEnd)
    vPortEnableVFP                           0x000019dd   Thumb Code    14  port.o(.text.vPortEnableVFP)
    [Anonymous Symbol]                       0x000019dc   Section        0  port.o(.text.vPortEnableVFP)
    [Anonymous Symbol]                       0x000019f0   Section        0  port.o(.text.vPortEnterCritical)
    [Anonymous Symbol]                       0x00001a38   Section        0  port.o(.text.vPortExitCritical)
    [Anonymous Symbol]                       0x00001a68   Section        0  heap_1.o(.text.vPortFree)
    [Anonymous Symbol]                       0x00001a84   Section        0  port.o(.text.vPortSetupTimerInterrupt)
    [Anonymous Symbol]                       0x00001ae8   Section        0  port.o(.text.vPortSuppressTicksAndSleep)
    [Anonymous Symbol]                       0x00001bfc   Section        0  tasks.o(.text.vTaskDelay)
    [Anonymous Symbol]                       0x00001c50   Section        0  tasks.o(.text.vTaskInternalSetTimeOutState)
    [Anonymous Symbol]                       0x00001c6c   Section        0  tasks.o(.text.vTaskMissedYield)
    [Anonymous Symbol]                       0x00001c7c   Section        0  tasks.o(.text.vTaskPlaceOnEventList)
    [Anonymous Symbol]                       0x00001cb0   Section        0  tasks.o(.text.vTaskStartScheduler)
    [Anonymous Symbol]                       0x00001d3c   Section        0  tasks.o(.text.vTaskStepTick)
    [Anonymous Symbol]                       0x00001d74   Section        0  tasks.o(.text.vTaskSuspendAll)
    [Anonymous Symbol]                       0x00001d84   Section        0  tasks.o(.text.vTaskSwitchContext)
    [Anonymous Symbol]                       0x00001e0c   Section        0  port.o(.text.xPortStartScheduler)
    [Anonymous Symbol]                       0x00001f20   Section        0  queue.o(.text.xQueueGenericCreate)
    [Anonymous Symbol]                       0x00001f64   Section        0  queue.o(.text.xQueueGenericReset)
    [Anonymous Symbol]                       0x00001fe4   Section        0  queue.o(.text.xQueueGenericSend)
    [Anonymous Symbol]                       0x000021b4   Section        0  queue.o(.text.xQueueReceive)
    [Anonymous Symbol]                       0x00002338   Section        0  tasks.o(.text.xTaskCheckForTimeOut)
    [Anonymous Symbol]                       0x000023dc   Section        0  tasks.o(.text.xTaskCreate)
    [Anonymous Symbol]                       0x0000243c   Section        0  tasks.o(.text.xTaskGetSchedulerState)
    [Anonymous Symbol]                       0x00002464   Section        0  tasks.o(.text.xTaskIncrementTick)
    [Anonymous Symbol]                       0x000025c8   Section        0  tasks.o(.text.xTaskPriorityDisinherit)
    [Anonymous Symbol]                       0x0000267c   Section        0  tasks.o(.text.xTaskRemoveFromEventList)
    [Anonymous Symbol]                       0x00002718   Section        0  tasks.o(.text.xTaskResumeAll)
    i.SysCtlPeripheralEnable                 0x00002830   Section        0  sysctl.o(i.SysCtlPeripheralEnable)
    $v0                                      0x00002858   Number         0  d2f.o(x$fpl$d2f)
    x$fpl$d2f                                0x00002858   Section       98  d2f.o(x$fpl$d2f)
    $v0                                      0x000028bc   Number         0  ddiv.o(x$fpl$ddiv)
    x$fpl$ddiv                               0x000028bc   Section      692  ddiv.o(x$fpl$ddiv)
    ddiv_entry                               0x000028c3   Thumb Code     0  ddiv.o(x$fpl$ddiv)
    $v0                                      0x00002b70   Number         0  dfix.o(x$fpl$dfix)
    x$fpl$dfix                               0x00002b70   Section       94  dfix.o(x$fpl$dfix)
    $v0                                      0x00002bce   Number         0  dflt_clz.o(x$fpl$dflt)
    x$fpl$dflt                               0x00002bce   Section       46  dflt_clz.o(x$fpl$dflt)
    $v0                                      0x00002bfc   Number         0  dmul.o(x$fpl$dmul)
    x$fpl$dmul                               0x00002bfc   Section      340  dmul.o(x$fpl$dmul)
    $v0                                      0x00002d50   Number         0  dnaninf.o(x$fpl$dnaninf)
    x$fpl$dnaninf                            0x00002d50   Section      156  dnaninf.o(x$fpl$dnaninf)
    $v0                                      0x00002dec   Number         0  dretinf.o(x$fpl$dretinf)
    x$fpl$dretinf                            0x00002dec   Section       12  dretinf.o(x$fpl$dretinf)
    $v0                                      0x00002df8   Number         0  f2d.o(x$fpl$f2d)
    x$fpl$f2d                                0x00002df8   Section       86  f2d.o(x$fpl$f2d)
    $v0                                      0x00002e4e   Number         0  fnaninf.o(x$fpl$fnaninf)
    x$fpl$fnaninf                            0x00002e4e   Section      140  fnaninf.o(x$fpl$fnaninf)
    $v0                                      0x00002eda   Number         0  fpinit.o(x$fpl$fpinit)
    x$fpl$fpinit                             0x00002eda   Section       26  fpinit.o(x$fpl$fpinit)
    $v0                                      0x00002ef4   Number         0  fretinf.o(x$fpl$fretinf)
    x$fpl$fretinf                            0x00002ef4   Section       10  fretinf.o(x$fpl$fretinf)
    .L.str.1                                 0x00002efe   Data           2  trial2.o(.rodata.str1.1)
    [Anonymous Symbol]                       0x00002efe   Section        0  trial2.o(.rodata.str1.1)
    x$fpl$usenofp                            0x00002efe   Section        0  usenofp.o(x$fpl$usenofp)
    uxCriticalNesting                        0x20000004   Data           4  port.o(.data.uxCriticalNesting)
    [Anonymous Symbol]                       0x20000004   Section        0  port.o(.data.uxCriticalNesting)
    .bss                                     0x20000008   Section       96  libspace.o(.bss)
    pvPortMalloc.pucAlignedHeap              0x20000068   Data           4  heap_1.o(.bss.pvPortMalloc.pucAlignedHeap)
    [Anonymous Symbol]                       0x20000068   Section        0  heap_1.o(.bss.pvPortMalloc.pucAlignedHeap)
    pxDelayedTaskList                        0x20000070   Data           4  tasks.o(.bss.pxDelayedTaskList)
    [Anonymous Symbol]                       0x20000070   Section        0  tasks.o(.bss.pxDelayedTaskList)
    pxOverflowDelayedTaskList                0x20000074   Data           4  tasks.o(.bss.pxOverflowDelayedTaskList)
    [Anonymous Symbol]                       0x20000074   Section        0  tasks.o(.bss.pxOverflowDelayedTaskList)
    pxReadyTasksLists                        0x20000078   Data         100  tasks.o(.bss.pxReadyTasksLists)
    [Anonymous Symbol]                       0x20000078   Section        0  tasks.o(.bss.pxReadyTasksLists)
    ucHeap                                   0x200000dc   Data       16384  heap_1.o(.bss.ucHeap)
    [Anonymous Symbol]                       0x200000dc   Section        0  heap_1.o(.bss.ucHeap)
    ucMaxSysCallPriority                     0x200040dc   Data           1  port.o(.bss.ucMaxSysCallPriority)
    [Anonymous Symbol]                       0x200040dc   Section        0  port.o(.bss.ucMaxSysCallPriority)
    ulMaxPRIGROUPValue                       0x200040e0   Data           4  port.o(.bss.ulMaxPRIGROUPValue)
    [Anonymous Symbol]                       0x200040e0   Section        0  port.o(.bss.ulMaxPRIGROUPValue)
    ulStoppedTimerCompensation               0x200040e4   Data           1  port.o(.bss.ulStoppedTimerCompensation)
    [Anonymous Symbol]                       0x200040e4   Section        0  port.o(.bss.ulStoppedTimerCompensation)
    ulTimerCountsForOneTick                  0x200040e8   Data           4  port.o(.bss.ulTimerCountsForOneTick)
    [Anonymous Symbol]                       0x200040e8   Section        0  port.o(.bss.ulTimerCountsForOneTick)
    uxCurrentNumberOfTasks                   0x200040ec   Data           4  tasks.o(.bss.uxCurrentNumberOfTasks)
    [Anonymous Symbol]                       0x200040ec   Section        0  tasks.o(.bss.uxCurrentNumberOfTasks)
    uxDeletedTasksWaitingCleanUp             0x200040f0   Data           4  tasks.o(.bss.uxDeletedTasksWaitingCleanUp)
    [Anonymous Symbol]                       0x200040f0   Section        0  tasks.o(.bss.uxDeletedTasksWaitingCleanUp)
    uxSchedulerSuspended                     0x200040f4   Data           4  tasks.o(.bss.uxSchedulerSuspended)
    [Anonymous Symbol]                       0x200040f4   Section        0  tasks.o(.bss.uxSchedulerSuspended)
    uxTaskNumber                             0x200040f8   Data           4  tasks.o(.bss.uxTaskNumber)
    [Anonymous Symbol]                       0x200040f8   Section        0  tasks.o(.bss.uxTaskNumber)
    uxTopReadyPriority                       0x200040fc   Data           4  tasks.o(.bss.uxTopReadyPriority)
    [Anonymous Symbol]                       0x200040fc   Section        0  tasks.o(.bss.uxTopReadyPriority)
    xDelayedTaskList1                        0x20004104   Data          20  tasks.o(.bss.xDelayedTaskList1)
    [Anonymous Symbol]                       0x20004104   Section        0  tasks.o(.bss.xDelayedTaskList1)
    xDelayedTaskList2                        0x20004118   Data          20  tasks.o(.bss.xDelayedTaskList2)
    [Anonymous Symbol]                       0x20004118   Section        0  tasks.o(.bss.xDelayedTaskList2)
    xIdleTaskHandle                          0x2000412c   Data           4  tasks.o(.bss.xIdleTaskHandle)
    [Anonymous Symbol]                       0x2000412c   Section        0  tasks.o(.bss.xIdleTaskHandle)
    xMaximumPossibleSuppressedTicks          0x20004134   Data           4  port.o(.bss.xMaximumPossibleSuppressedTicks)
    [Anonymous Symbol]                       0x20004134   Section        0  port.o(.bss.xMaximumPossibleSuppressedTicks)
    xNextFreeByte                            0x20004138   Data           4  heap_1.o(.bss.xNextFreeByte)
    [Anonymous Symbol]                       0x20004138   Section        0  heap_1.o(.bss.xNextFreeByte)
    xNextTaskUnblockTime                     0x2000413c   Data           4  tasks.o(.bss.xNextTaskUnblockTime)
    [Anonymous Symbol]                       0x2000413c   Section        0  tasks.o(.bss.xNextTaskUnblockTime)
    xNumOfOverflows                          0x20004140   Data           4  tasks.o(.bss.xNumOfOverflows)
    [Anonymous Symbol]                       0x20004140   Section        0  tasks.o(.bss.xNumOfOverflows)
    xPendedTicks                             0x20004144   Data           4  tasks.o(.bss.xPendedTicks)
    [Anonymous Symbol]                       0x20004144   Section        0  tasks.o(.bss.xPendedTicks)
    xPendingReadyList                        0x20004148   Data          20  tasks.o(.bss.xPendingReadyList)
    [Anonymous Symbol]                       0x20004148   Section        0  tasks.o(.bss.xPendingReadyList)
    xSchedulerRunning                        0x2000415c   Data           4  tasks.o(.bss.xSchedulerRunning)
    [Anonymous Symbol]                       0x2000415c   Section        0  tasks.o(.bss.xSchedulerRunning)
    xSuspendedTaskList                       0x20004160   Data          20  tasks.o(.bss.xSuspendedTaskList)
    [Anonymous Symbol]                       0x20004160   Section        0  tasks.o(.bss.xSuspendedTaskList)
    xTasksWaitingTermination                 0x20004174   Data          20  tasks.o(.bss.xTasksWaitingTermination)
    [Anonymous Symbol]                       0x20004174   Section        0  tasks.o(.bss.xTasksWaitingTermination)
    xTickCount                               0x20004188   Data           4  tasks.o(.bss.xTickCount)
    [Anonymous Symbol]                       0x20004188   Section        0  tasks.o(.bss.xTickCount)
    xYieldPending                            0x20004190   Data           4  tasks.o(.bss.xYieldPending)
    [Anonymous Symbol]                       0x20004190   Section        0  tasks.o(.bss.xYieldPending)
    Heap_Mem                                 0x20004198   Data           0  startup_tm4c123.o(HEAP)
    Stack_Mem                                0x20004198   Data         512  startup_tm4c123.o(STACK)
    HEAP                                     0x20004198   Section        0  startup_tm4c123.o(HEAP)
    STACK                                    0x20004198   Section      512  startup_tm4c123.o(STACK)
    __initial_sp                             0x20004398   Data           0  startup_tm4c123.o(STACK)

    Global Symbols

    Symbol Name                              Value     Ov Type        Size  Object(Section)

    BuildAttributes$$THM_ISAv4$E$P$D$K$B$S$7EM$VFPi3$EXTD16$VFPS$VFMA$PE$A:L22UL41UL21$X:L11$S22US41US21$IEEE1$IW$~IW$USESV6$~STKCKD$USESV7$~SHL$OTIME$ROPI$EBA8$UX$STANDARDLIB$REQ8$PRES8$EABIv2 0x00000000   Number         0  anon$$obj.o ABSOLUTE
    __Vectors                                0x00000000   Data           4  startup_tm4c123.o(RESET)
    __ARM_exceptions_init                     - Undefined Weak Reference
    __alloca_initialize                       - Undefined Weak Reference
    __arm_preinit_                            - Undefined Weak Reference
    __cpp_initialize__aeabi_                  - Undefined Weak Reference
    __cxa_finalize                            - Undefined Weak Reference
    __rt_locale                               - Undefined Weak Reference
    __sigvec_lookup                           - Undefined Weak Reference
    _atexit_init                              - Undefined Weak Reference
    _call_atexit_fns                          - Undefined Weak Reference
    _clock_init                               - Undefined Weak Reference
    _fp_trap_init                             - Undefined Weak Reference
    _fp_trap_shutdown                         - Undefined Weak Reference
    _get_lc_collate                           - Undefined Weak Reference
    _get_lc_ctype                             - Undefined Weak Reference
    _get_lc_monetary                          - Undefined Weak Reference
    _get_lc_numeric                           - Undefined Weak Reference
    _get_lc_time                              - Undefined Weak Reference
    _getenv_init                              - Undefined Weak Reference
    _handle_redirection                       - Undefined Weak Reference
    _init_alloc                               - Undefined Weak Reference
    _init_user_alloc                          - Undefined Weak Reference
    _initio                                   - Undefined Weak Reference
    _rand_init                                - Undefined Weak Reference
    _signal_finish                            - Undefined Weak Reference
    _signal_init                              - Undefined Weak Reference
    _terminate_alloc                          - Undefined Weak Reference
    _terminate_user_alloc                     - Undefined Weak Reference
    _terminateio                              - Undefined Weak Reference
    __Vectors_End                            0x0000026c   Data           0  startup_tm4c123.o(RESET)
    __Vectors_Size                           0x0000026c   Number         0  startup_tm4c123.o ABSOLUTE
    __main                                   0x0000026d   Thumb Code     8  __main.o(!!!main)
    __scatterload                            0x00000275   Thumb Code     0  __scatter.o(!!!scatter)
    __scatterload_rt2                        0x00000275   Thumb Code    44  __scatter.o(!!!scatter)
    __scatterload_rt2_thumb_only             0x00000275   Thumb Code     0  __scatter.o(!!!scatter)
    __scatterload_null                       0x00000283   Thumb Code     0  __scatter.o(!!!scatter)
    __scatterload_copy                       0x000002a9   Thumb Code    26  __scatter_copy.o(!!handler_copy)
    __scatterload_zeroinit                   0x000002c5   Thumb Code    28  __scatter_zi.o(!!handler_zi)
    __rt_lib_init                            0x000002e1   Thumb Code     0  libinit.o(.ARM.Collect$$libinit$$00000000)
    __rt_lib_init_fp_1                       0x000002e3   Thumb Code     0  libinit2.o(.ARM.Collect$$libinit$$00000001)
    __rt_lib_init_alloca_1                   0x000002e7   Thumb Code     0  libinit2.o(.ARM.Collect$$libinit$$0000002E)
    __rt_lib_init_argv_1                     0x000002e7   Thumb Code     0  libinit2.o(.ARM.Collect$$libinit$$0000002C)
    __rt_lib_init_atexit_1                   0x000002e7   Thumb Code     0  libinit2.o(.ARM.Collect$$libinit$$0000001B)
    __rt_lib_init_clock_1                    0x000002e7   Thumb Code     0  libinit2.o(.ARM.Collect$$libinit$$00000021)
    __rt_lib_init_cpp_1                      0x000002e7   Thumb Code     0  libinit2.o(.ARM.Collect$$libinit$$00000032)
    __rt_lib_init_exceptions_1               0x000002e7   Thumb Code     0  libinit2.o(.ARM.Collect$$libinit$$00000030)
    __rt_lib_init_fp_trap_1                  0x000002e7   Thumb Code     0  libinit2.o(.ARM.Collect$$libinit$$0000001F)
    __rt_lib_init_getenv_1                   0x000002e7   Thumb Code     0  libinit2.o(.ARM.Collect$$libinit$$00000023)
    __rt_lib_init_heap_1                     0x000002e7   Thumb Code     0  libinit2.o(.ARM.Collect$$libinit$$0000000A)
    __rt_lib_init_lc_collate_1               0x000002e7   Thumb Code     0  libinit2.o(.ARM.Collect$$libinit$$00000011)
    __rt_lib_init_lc_ctype_1                 0x000002e7   Thumb Code     0  libinit2.o(.ARM.Collect$$libinit$$00000013)
    __rt_lib_init_lc_monetary_1              0x000002e7   Thumb Code     0  libinit2.o(.ARM.Collect$$libinit$$00000015)
    __rt_lib_init_lc_numeric_1               0x000002e7   Thumb Code     0  libinit2.o(.ARM.Collect$$libinit$$00000017)
    __rt_lib_init_lc_time_1                  0x000002e7   Thumb Code     0  libinit2.o(.ARM.Collect$$libinit$$00000019)
    __rt_lib_init_preinit_1                  0x000002e7   Thumb Code     0  libinit2.o(.ARM.Collect$$libinit$$00000004)
    __rt_lib_init_rand_1                     0x000002e7   Thumb Code     0  libinit2.o(.ARM.Collect$$libinit$$0000000E)
    __rt_lib_init_return                     0x000002e7   Thumb Code     0  libinit2.o(.ARM.Collect$$libinit$$00000033)
    __rt_lib_init_signal_1                   0x000002e7   Thumb Code     0  libinit2.o(.ARM.Collect$$libinit$$0000001D)
    __rt_lib_init_stdio_1                    0x000002e7   Thumb Code     0  libinit2.o(.ARM.Collect$$libinit$$00000025)
    __rt_lib_init_user_alloc_1               0x000002e7   Thumb Code     0  libinit2.o(.ARM.Collect$$libinit$$0000000C)
    __rt_lib_shutdown                        0x000002e9   Thumb Code     0  libshutdown.o(.ARM.Collect$$libshutdown$$00000000)
    __rt_lib_shutdown_cpp_1                  0x000002eb   Thumb Code     0  libshutdown2.o(.ARM.Collect$$libshutdown$$00000002)
    __rt_lib_shutdown_fp_trap_1              0x000002eb   Thumb Code     0  libshutdown2.o(.ARM.Collect$$libshutdown$$00000007)
    __rt_lib_shutdown_heap_1                 0x000002eb   Thumb Code     0  libshutdown2.o(.ARM.Collect$$libshutdown$$0000000F)
    __rt_lib_shutdown_return                 0x000002eb   Thumb Code     0  libshutdown2.o(.ARM.Collect$$libshutdown$$00000010)
    __rt_lib_shutdown_signal_1               0x000002eb   Thumb Code     0  libshutdown2.o(.ARM.Collect$$libshutdown$$0000000A)
    __rt_lib_shutdown_stdio_1                0x000002eb   Thumb Code     0  libshutdown2.o(.ARM.Collect$$libshutdown$$00000004)
    __rt_lib_shutdown_user_alloc_1           0x000002eb   Thumb Code     0  libshutdown2.o(.ARM.Collect$$libshutdown$$0000000C)
    __rt_entry                               0x000002ed   Thumb Code     0  __rtentry.o(.ARM.Collect$$rtentry$$00000000)
    __rt_entry_presh_1                       0x000002ed   Thumb Code     0  __rtentry2.o(.ARM.Collect$$rtentry$$00000002)
    __rt_entry_sh                            0x000002ed   Thumb Code     0  __rtentry4.o(.ARM.Collect$$rtentry$$00000004)
    __rt_entry_li                            0x000002f3   Thumb Code     0  __rtentry2.o(.ARM.Collect$$rtentry$$0000000A)
    __rt_entry_postsh_1                      0x000002f3   Thumb Code     0  __rtentry2.o(.ARM.Collect$$rtentry$$00000009)
    __rt_entry_main                          0x000002f7   Thumb Code     0  __rtentry2.o(.ARM.Collect$$rtentry$$0000000D)
    __rt_entry_postli_1                      0x000002f7   Thumb Code     0  __rtentry2.o(.ARM.Collect$$rtentry$$0000000C)
    __rt_exit                                0x000002ff   Thumb Code     0  rtexit.o(.ARM.Collect$$rtexit$$00000000)
    __rt_exit_ls                             0x00000301   Thumb Code     0  rtexit2.o(.ARM.Collect$$rtexit$$00000003)
    __rt_exit_prels_1                        0x00000301   Thumb Code     0  rtexit2.o(.ARM.Collect$$rtexit$$00000002)
    __rt_exit_exit                           0x00000305   Thumb Code     0  rtexit2.o(.ARM.Collect$$rtexit$$00000004)
    SysCtlDelay                              0x0000030d   Thumb Code     6  sysctl.o(.emb_text)
    Reset_Handler                            0x00000315   Thumb Code     8  startup_tm4c123.o(.text)
    NMI_Handler                              0x0000031d   Thumb Code     2  startup_tm4c123.o(.text)
    HardFault_Handler                        0x0000031f   Thumb Code     2  startup_tm4c123.o(.text)
    MemManage_Handler                        0x00000321   Thumb Code     2  startup_tm4c123.o(.text)
    BusFault_Handler                         0x00000323   Thumb Code     2  startup_tm4c123.o(.text)
    UsageFault_Handler                       0x00000325   Thumb Code     2  startup_tm4c123.o(.text)
    DebugMon_Handler                         0x00000329   Thumb Code     2  startup_tm4c123.o(.text)
    GPIOA_Handler                            0x0000032f   Thumb Code     2  startup_tm4c123.o(.text)
    GPIOB_Handler                            0x00000331   Thumb Code     2  startup_tm4c123.o(.text)
    GPIOC_Handler                            0x00000333   Thumb Code     2  startup_tm4c123.o(.text)
    GPIOD_Handler                            0x00000335   Thumb Code     2  startup_tm4c123.o(.text)
    GPIOE_Handler                            0x00000337   Thumb Code     2  startup_tm4c123.o(.text)
    UART0_Handler                            0x00000339   Thumb Code     2  startup_tm4c123.o(.text)
    UART1_Handler                            0x0000033b   Thumb Code     2  startup_tm4c123.o(.text)
    SSI0_Handler                             0x0000033d   Thumb Code     2  startup_tm4c123.o(.text)
    I2C0_Handler                             0x0000033f   Thumb Code     2  startup_tm4c123.o(.text)
    PMW0_FAULT_Handler                       0x00000341   Thumb Code     2  startup_tm4c123.o(.text)
    PWM0_0_Handler                           0x00000343   Thumb Code     2  startup_tm4c123.o(.text)
    PWM0_1_Handler                           0x00000345   Thumb Code     2  startup_tm4c123.o(.text)
    PWM0_2_Handler                           0x00000347   Thumb Code     2  startup_tm4c123.o(.text)
    QEI0_Handler                             0x00000349   Thumb Code     2  startup_tm4c123.o(.text)
    ADC0SS0_Handler                          0x0000034b   Thumb Code     2  startup_tm4c123.o(.text)
    ADC0SS1_Handler                          0x0000034d   Thumb Code     2  startup_tm4c123.o(.text)
    ADC0SS2_Handler                          0x0000034f   Thumb Code     2  startup_tm4c123.o(.text)
    ADC0SS3_Handler                          0x00000351   Thumb Code     2  startup_tm4c123.o(.text)
    WDT0_Handler                             0x00000353   Thumb Code     2  startup_tm4c123.o(.text)
    TIMER0A_Handler                          0x00000355   Thumb Code     2  startup_tm4c123.o(.text)
    TIMER0B_Handler                          0x00000357   Thumb Code     2  startup_tm4c123.o(.text)
    TIMER1A_Handler                          0x00000359   Thumb Code     2  startup_tm4c123.o(.text)
    TIMER1B_Handler                          0x0000035b   Thumb Code     2  startup_tm4c123.o(.text)
    TIMER2A_Handler                          0x0000035d   Thumb Code     2  startup_tm4c123.o(.text)
    TIMER2B_Handler                          0x0000035f   Thumb Code     2  startup_tm4c123.o(.text)
    COMP0_Handler                            0x00000361   Thumb Code     2  startup_tm4c123.o(.text)
    COMP1_Handler                            0x00000363   Thumb Code     2  startup_tm4c123.o(.text)
    COMP2_Handler                            0x00000365   Thumb Code     2  startup_tm4c123.o(.text)
    SYSCTL_Handler                           0x00000367   Thumb Code     2  startup_tm4c123.o(.text)
    FLASH_Handler                            0x00000369   Thumb Code     2  startup_tm4c123.o(.text)
    GPIOF_Handler                            0x0000036b   Thumb Code     2  startup_tm4c123.o(.text)
    GPIOG_Handler                            0x0000036d   Thumb Code     2  startup_tm4c123.o(.text)
    GPIOH_Handler                            0x0000036f   Thumb Code     2  startup_tm4c123.o(.text)
    UART2_Handler                            0x00000371   Thumb Code     2  startup_tm4c123.o(.text)
    SSI1_Handler                             0x00000373   Thumb Code     2  startup_tm4c123.o(.text)
    TIMER3A_Handler                          0x00000375   Thumb Code     2  startup_tm4c123.o(.text)
    TIMER3B_Handler                          0x00000377   Thumb Code     2  startup_tm4c123.o(.text)
    I2C1_Handler                             0x00000379   Thumb Code     2  startup_tm4c123.o(.text)
    QEI1_Handler                             0x0000037b   Thumb Code     2  startup_tm4c123.o(.text)
    CAN0_Handler                             0x0000037d   Thumb Code     2  startup_tm4c123.o(.text)
    CAN1_Handler                             0x0000037f   Thumb Code     2  startup_tm4c123.o(.text)
    CAN2_Handler                             0x00000381   Thumb Code     2  startup_tm4c123.o(.text)
    HIB_Handler                              0x00000383   Thumb Code     2  startup_tm4c123.o(.text)
    USB0_Handler                             0x00000385   Thumb Code     2  startup_tm4c123.o(.text)
    PWM0_3_Handler                           0x00000387   Thumb Code     2  startup_tm4c123.o(.text)
    UDMA_Handler                             0x00000389   Thumb Code     2  startup_tm4c123.o(.text)
    UDMAERR_Handler                          0x0000038b   Thumb Code     2  startup_tm4c123.o(.text)
    ADC1SS0_Handler                          0x0000038d   Thumb Code     2  startup_tm4c123.o(.text)
    ADC1SS1_Handler                          0x0000038f   Thumb Code     2  startup_tm4c123.o(.text)
    ADC1SS2_Handler                          0x00000391   Thumb Code     2  startup_tm4c123.o(.text)
    ADC1SS3_Handler                          0x00000393   Thumb Code     2  startup_tm4c123.o(.text)
    GPIOJ_Handler                            0x00000395   Thumb Code     2  startup_tm4c123.o(.text)
    GPIOK_Handler                            0x00000397   Thumb Code     2  startup_tm4c123.o(.text)
    GPIOL_Handler                            0x00000399   Thumb Code     2  startup_tm4c123.o(.text)
    SSI2_Handler                             0x0000039b   Thumb Code     2  startup_tm4c123.o(.text)
    SSI3_Handler                             0x0000039d   Thumb Code     2  startup_tm4c123.o(.text)
    UART3_Handler                            0x0000039f   Thumb Code     2  startup_tm4c123.o(.text)
    UART4_Handler                            0x000003a1   Thumb Code     2  startup_tm4c123.o(.text)
    UART5_Handler                            0x000003a3   Thumb Code     2  startup_tm4c123.o(.text)
    UART6_Handler                            0x000003a5   Thumb Code     2  startup_tm4c123.o(.text)
    UART7_Handler                            0x000003a7   Thumb Code     2  startup_tm4c123.o(.text)
    I2C2_Handler                             0x000003a9   Thumb Code     2  startup_tm4c123.o(.text)
    I2C3_Handler                             0x000003ab   Thumb Code     2  startup_tm4c123.o(.text)
    TIMER4A_Handler                          0x000003ad   Thumb Code     2  startup_tm4c123.o(.text)
    TIMER4B_Handler                          0x000003af   Thumb Code     2  startup_tm4c123.o(.text)
    TIMER5A_Handler                          0x000003b1   Thumb Code     2  startup_tm4c123.o(.text)
    TIMER5B_Handler                          0x000003b3   Thumb Code     2  startup_tm4c123.o(.text)
    WTIMER0A_Handler                         0x000003b5   Thumb Code     2  startup_tm4c123.o(.text)
    WTIMER0B_Handler                         0x000003b7   Thumb Code     2  startup_tm4c123.o(.text)
    WTIMER1A_Handler                         0x000003b9   Thumb Code     2  startup_tm4c123.o(.text)
    WTIMER1B_Handler                         0x000003bb   Thumb Code     2  startup_tm4c123.o(.text)
    WTIMER2A_Handler                         0x000003bd   Thumb Code     2  startup_tm4c123.o(.text)
    WTIMER2B_Handler                         0x000003bf   Thumb Code     2  startup_tm4c123.o(.text)
    WTIMER3A_Handler                         0x000003c1   Thumb Code     2  startup_tm4c123.o(.text)
    WTIMER3B_Handler                         0x000003c3   Thumb Code     2  startup_tm4c123.o(.text)
    WTIMER4A_Handler                         0x000003c5   Thumb Code     2  startup_tm4c123.o(.text)
    WTIMER4B_Handler                         0x000003c7   Thumb Code     2  startup_tm4c123.o(.text)
    WTIMER5A_Handler                         0x000003c9   Thumb Code     2  startup_tm4c123.o(.text)
    WTIMER5B_Handler                         0x000003cb   Thumb Code     2  startup_tm4c123.o(.text)
    FPU_Handler                              0x000003cd   Thumb Code     2  startup_tm4c123.o(.text)
    I2C4_Handler                             0x000003cf   Thumb Code     2  startup_tm4c123.o(.text)
    I2C5_Handler                             0x000003d1   Thumb Code     2  startup_tm4c123.o(.text)
    GPIOM_Handler                            0x000003d3   Thumb Code     2  startup_tm4c123.o(.text)
    GPION_Handler                            0x000003d5   Thumb Code     2  startup_tm4c123.o(.text)
    QEI2_Handler                             0x000003d7   Thumb Code     2  startup_tm4c123.o(.text)
    GPIOP0_Handler                           0x000003d9   Thumb Code     2  startup_tm4c123.o(.text)
    GPIOP1_Handler                           0x000003db   Thumb Code     2  startup_tm4c123.o(.text)
    GPIOP2_Handler                           0x000003dd   Thumb Code     2  startup_tm4c123.o(.text)
    GPIOP3_Handler                           0x000003df   Thumb Code     2  startup_tm4c123.o(.text)
    GPIOP4_Handler                           0x000003e1   Thumb Code     2  startup_tm4c123.o(.text)
    GPIOP5_Handler                           0x000003e3   Thumb Code     2  startup_tm4c123.o(.text)
    GPIOP6_Handler                           0x000003e5   Thumb Code     2  startup_tm4c123.o(.text)
    GPIOP7_Handler                           0x000003e7   Thumb Code     2  startup_tm4c123.o(.text)
    GPIOQ0_Handler                           0x000003e9   Thumb Code     2  startup_tm4c123.o(.text)
    GPIOQ1_Handler                           0x000003eb   Thumb Code     2  startup_tm4c123.o(.text)
    GPIOQ2_Handler                           0x000003ed   Thumb Code     2  startup_tm4c123.o(.text)
    GPIOQ3_Handler                           0x000003ef   Thumb Code     2  startup_tm4c123.o(.text)
    GPIOQ4_Handler                           0x000003f1   Thumb Code     2  startup_tm4c123.o(.text)
    GPIOQ5_Handler                           0x000003f3   Thumb Code     2  startup_tm4c123.o(.text)
    GPIOQ6_Handler                           0x000003f5   Thumb Code     2  startup_tm4c123.o(.text)
    GPIOQ7_Handler                           0x000003f7   Thumb Code     2  startup_tm4c123.o(.text)
    GPIOR_Handler                            0x000003f9   Thumb Code     2  startup_tm4c123.o(.text)
    GPIOS_Handler                            0x000003fb   Thumb Code     2  startup_tm4c123.o(.text)
    PMW1_0_Handler                           0x000003fd   Thumb Code     2  startup_tm4c123.o(.text)
    PWM1_1_Handler                           0x000003ff   Thumb Code     2  startup_tm4c123.o(.text)
    PWM1_2_Handler                           0x00000401   Thumb Code     2  startup_tm4c123.o(.text)
    PWM1_3_Handler                           0x00000403   Thumb Code     2  startup_tm4c123.o(.text)
    PWM1_FAULT_Handler                       0x00000405   Thumb Code     2  startup_tm4c123.o(.text)
    __user_initial_stackheap                 0x00000409   Thumb Code     0  startup_tm4c123.o(.text)
    strlen                                   0x00000429   Thumb Code    62  strlen.o(.text)
    __aeabi_memcpy                           0x00000467   Thumb Code     0  rt_memcpy_v6.o(.text)
    __rt_memcpy                              0x00000467   Thumb Code   138  rt_memcpy_v6.o(.text)
    _memcpy_lastbytes                        0x000004cd   Thumb Code     0  rt_memcpy_v6.o(.text)
    __aeabi_memset4                          0x000004f1   Thumb Code    16  aeabi_memset4.o(.text)
    __aeabi_memset8                          0x000004f1   Thumb Code     0  aeabi_memset4.o(.text)
    __use_two_region_memory                  0x00000501   Thumb Code     2  heapauxi.o(.text)
    __rt_heap_escrow$2region                 0x00000503   Thumb Code     2  heapauxi.o(.text)
    __rt_heap_expand$2region                 0x00000505   Thumb Code     2  heapauxi.o(.text)
    __aeabi_memcpy4                          0x00000507   Thumb Code     0  rt_memcpy_w.o(.text)
    __aeabi_memcpy8                          0x00000507   Thumb Code     0  rt_memcpy_w.o(.text)
    __rt_memcpy_w                            0x00000507   Thumb Code   100  rt_memcpy_w.o(.text)
    _memcpy_lastbytes_aligned                0x0000054f   Thumb Code     0  rt_memcpy_w.o(.text)
    __aeabi_memclr4                          0x0000056b   Thumb Code     0  rt_memclr_w.o(.text)
    __aeabi_memclr8                          0x0000056b   Thumb Code     0  rt_memclr_w.o(.text)
    __rt_memclr_w                            0x0000056b   Thumb Code     0  rt_memclr_w.o(.text)
    _memset_w                                0x0000056f   Thumb Code    74  rt_memclr_w.o(.text)
    __user_setup_stackheap                   0x000005b9   Thumb Code    74  sys_stackheap_outer.o(.text)
    exit                                     0x00000603   Thumb Code    18  exit.o(.text)
    __user_libspace                          0x00000615   Thumb Code     8  libspace.o(.text)
    __user_perproc_libspace                  0x00000615   Thumb Code     0  libspace.o(.text)
    __user_perthread_libspace                0x00000615   Thumb Code     0  libspace.o(.text)
    _sys_exit                                0x0000061d   Thumb Code     8  sys_exit.o(.text)
    __I$use$semihosting                      0x00000629   Thumb Code     0  use_no_semi.o(.text)
    __use_no_semihosting_swi                 0x00000629   Thumb Code     2  use_no_semi.o(.text)
    __semihosting_library_function           0x0000062b   Thumb Code     0  indicate_semi.o(.text)
    ADC_Init                                 0x0000062d   Thumb Code   116  trial2.o(.text.ADC_Init)
    Buzzer_Task                              0x000006a1   Thumb Code    58  trial2.o(.text.Buzzer_Task)
    GPIODirModeSet                           0x000006dd   Thumb Code    44  gpio.o(.text.GPIODirModeSet)
    GPIOPadConfigSet                         0x00000709   Thumb Code   380  gpio.o(.text.GPIOPadConfigSet)
    GPIOPinTypeGPIOOutput                    0x00000885   Thumb Code    26  gpio.o(.text.GPIOPinTypeGPIOOutput)
    GPIOPinWrite                             0x000008a1   Thumb Code     6  gpio.o(.text.GPIOPinWrite)
    LCD_CTRL_BUS                             0x000008a9   Thumb Code    12  lcd.o(.text.LCD_CTRL_BUS)
    LCD_DATA_BUS                             0x000008b5   Thumb Code    24  lcd.o(.text.LCD_DATA_BUS)
    LCD_Task                                 0x000008cd   Thumb Code   200  trial2.o(.text.LCD_Task)
    LCD_clear                                0x000009ad   Thumb Code    24  lcd.o(.text.LCD_clear)
    LCD_create                               0x000009c5   Thumb Code    64  lcd.o(.text.LCD_create)
    LCD_inc_cnt                              0x00000a05   Thumb Code    60  lcd.o(.text.LCD_inc_cnt)
    LCD_init                                 0x00000a41   Thumb Code   162  lcd.o(.text.LCD_init)
    LCD_sendByte                             0x00000ae5   Thumb Code    76  lcd.o(.text.LCD_sendByte)
    LCD_sendNibble                           0x00000b31   Thumb Code    88  lcd.o(.text.LCD_sendNibble)
    LCD_sendString                           0x00000b89   Thumb Code    42  lcd.o(.text.LCD_sendString)
    LCD_setPosition                          0x00000bb5   Thumb Code    36  lcd.o(.text.LCD_setPosition)
    LCD_setup                                0x00000bd9   Thumb Code    50  lcd.o(.text.LCD_setup)
    Main_Task                                0x00000c11   Thumb Code   416  trial2.o(.text.Main_Task)
    PORTE_init                               0x00000db1   Thumb Code    58  trial2.o(.text.PORTE_init)
    PORTF_init                               0x00000ded   Thumb Code    70  trial2.o(.text.PORTF_init)
    PROJECT_Init                             0x00000e35   Thumb Code    80  trial2.o(.text.PROJECT_Init)
    PendSV_Handler                           0x00000e91   Thumb Code   100  port.o(.text.PendSV_Handler)
    SVC_Handler                              0x00000f01   Thumb Code    36  port.o(.text.SVC_Handler)
    SysTick_Handler                          0x00000f25   Thumb Code    46  port.o(.text.SysTick_Handler)
    SystemInit                               0x00000f55   Thumb Code   112  system_tm4c123.o(.text.SystemInit)
    UART0_Receiver                           0x00000fc5   Thumb Code    20  trial2.o(.text.UART0_Receiver)
    UART0_Transmitter                        0x00000fd9   Thumb Code    18  trial2.o(.text.UART0_Transmitter)
    UART_Init                                0x00000fed   Thumb Code   100  trial2.o(.text.UART_Init)
    UART_Task                                0x00001051   Thumb Code    92  trial2.o(.text.UART_Task)
    eTaskConfirmSleepModeStatus              0x00001111   Thumb Code    60  tasks.o(.text.eTaskConfirmSleepModeStatus)
    itoa                                     0x0000114d   Thumb Code   106  trial2.o(.text.itoa)
    main                                     0x000011b9   Thumb Code   116  main0.o(.text.main)
    printstring                              0x00001271   Thumb Code    28  trial2.o(.text.printstring)
    pvPortMalloc                             0x00001891   Thumb Code    90  heap_1.o(.text.pvPortMalloc)
    pxPortInitialiseStack                    0x000018ed   Thumb Code    40  port.o(.text.pxPortInitialiseStack)
    reverse                                  0x00001915   Thumb Code    32  trial2.o(.text.reverse)
    swap                                     0x00001935   Thumb Code    10  trial2.o(.text.swap)
    uxListRemove                             0x00001941   Thumb Code    36  list.o(.text.uxListRemove)
    vListInitialise                          0x00001965   Thumb Code    22  list.o(.text.vListInitialise)
    vListInitialiseItem                      0x0000197d   Thumb Code     6  list.o(.text.vListInitialiseItem)
    vListInsert                              0x00001985   Thumb Code    58  list.o(.text.vListInsert)
    vListInsertEnd                           0x000019c1   Thumb Code    28  list.o(.text.vListInsertEnd)
    vPortEnterCritical                       0x000019f1   Thumb Code    70  port.o(.text.vPortEnterCritical)
    vPortExitCritical                        0x00001a39   Thumb Code    46  port.o(.text.vPortExitCritical)
    vPortFree                                0x00001a69   Thumb Code    26  heap_1.o(.text.vPortFree)
    vPortSetupTimerInterrupt                 0x00001a85   Thumb Code   100  port.o(.text.vPortSetupTimerInterrupt)
    vPortSuppressTicksAndSleep               0x00001ae9   Thumb Code   276  port.o(.text.vPortSuppressTicksAndSleep)
    vTaskDelay                               0x00001bfd   Thumb Code    84  tasks.o(.text.vTaskDelay)
    vTaskInternalSetTimeOutState             0x00001c51   Thumb Code    26  tasks.o(.text.vTaskInternalSetTimeOutState)
    vTaskMissedYield                         0x00001c6d   Thumb Code    14  tasks.o(.text.vTaskMissedYield)
    vTaskPlaceOnEventList                    0x00001c7d   Thumb Code    50  tasks.o(.text.vTaskPlaceOnEventList)
    vTaskStartScheduler                      0x00001cb1   Thumb Code   132  tasks.o(.text.vTaskStartScheduler)
    vTaskStepTick                            0x00001d3d   Thumb Code    54  tasks.o(.text.vTaskStepTick)
    vTaskSuspendAll                          0x00001d75   Thumb Code    16  tasks.o(.text.vTaskSuspendAll)
    vTaskSwitchContext                       0x00001d85   Thumb Code   134  tasks.o(.text.vTaskSwitchContext)
    xPortStartScheduler                      0x00001e0d   Thumb Code   274  port.o(.text.xPortStartScheduler)
    xQueueGenericCreate                      0x00001f21   Thumb Code    66  queue.o(.text.xQueueGenericCreate)
    xQueueGenericReset                       0x00001f65   Thumb Code   126  queue.o(.text.xQueueGenericReset)
    xQueueGenericSend                        0x00001fe5   Thumb Code   464  queue.o(.text.xQueueGenericSend)
    xQueueReceive                            0x000021b5   Thumb Code   388  queue.o(.text.xQueueReceive)
    xTaskCheckForTimeOut                     0x00002339   Thumb Code   162  tasks.o(.text.xTaskCheckForTimeOut)
    xTaskCreate                              0x000023dd   Thumb Code    96  tasks.o(.text.xTaskCreate)
    xTaskGetSchedulerState                   0x0000243d   Thumb Code    38  tasks.o(.text.xTaskGetSchedulerState)
    xTaskIncrementTick                       0x00002465   Thumb Code   356  tasks.o(.text.xTaskIncrementTick)
    xTaskPriorityDisinherit                  0x000025c9   Thumb Code   178  tasks.o(.text.xTaskPriorityDisinherit)
    xTaskRemoveFromEventList                 0x0000267d   Thumb Code   156  tasks.o(.text.xTaskRemoveFromEventList)
    xTaskResumeAll                           0x00002719   Thumb Code   280  tasks.o(.text.xTaskResumeAll)
    SysCtlPeripheralEnable                   0x00002831   Thumb Code    36  sysctl.o(i.SysCtlPeripheralEnable)
    __aeabi_d2f                              0x00002859   Thumb Code     0  d2f.o(x$fpl$d2f)
    _d2f                                     0x00002859   Thumb Code    98  d2f.o(x$fpl$d2f)
    __aeabi_ddiv                             0x000028bd   Thumb Code     0  ddiv.o(x$fpl$ddiv)
    _ddiv                                    0x000028bd   Thumb Code   556  ddiv.o(x$fpl$ddiv)
    __aeabi_d2iz                             0x00002b71   Thumb Code     0  dfix.o(x$fpl$dfix)
    _dfix                                    0x00002b71   Thumb Code    94  dfix.o(x$fpl$dfix)
    __aeabi_i2d                              0x00002bcf   Thumb Code     0  dflt_clz.o(x$fpl$dflt)
    _dflt                                    0x00002bcf   Thumb Code    46  dflt_clz.o(x$fpl$dflt)
    __aeabi_dmul                             0x00002bfd   Thumb Code     0  dmul.o(x$fpl$dmul)
    _dmul                                    0x00002bfd   Thumb Code   332  dmul.o(x$fpl$dmul)
    __fpl_dnaninf                            0x00002d51   Thumb Code   156  dnaninf.o(x$fpl$dnaninf)
    __fpl_dretinf                            0x00002ded   Thumb Code    12  dretinf.o(x$fpl$dretinf)
    __aeabi_f2d                              0x00002df9   Thumb Code     0  f2d.o(x$fpl$f2d)
    _f2d                                     0x00002df9   Thumb Code    86  f2d.o(x$fpl$f2d)
    __fpl_fnaninf                            0x00002e4f   Thumb Code   140  fnaninf.o(x$fpl$fnaninf)
    _fp_init                                 0x00002edb   Thumb Code    26  fpinit.o(x$fpl$fpinit)
    __fplib_config_fpu_vfp                   0x00002ef3   Thumb Code     0  fpinit.o(x$fpl$fpinit)
    __fplib_config_pureend_doubles           0x00002ef3   Thumb Code     0  fpinit.o(x$fpl$fpinit)
    __fpl_fretinf                            0x00002ef5   Thumb Code    10  fretinf.o(x$fpl$fretinf)
    __I$use$fp                               0x00002efe   Number         0  usenofp.o(x$fpl$usenofp)
    Region$$Table$$Base                      0x00002f00   Number         0  anon$$obj.o(Region$$Table)
    Region$$Table$$Limit                     0x00002f20   Number         0  anon$$obj.o(Region$$Table)
    SystemCoreClock                          0x20000000   Data           4  system_tm4c123.o(.data.SystemCoreClock)
    __libspace_start                         0x20000008   Data          96  libspace.o(.bss)
    __temporary_stack_top$libspace           0x20000068   Data           0  libspace.o(.bss)
    pxCurrentTCB                             0x2000006c   Data           4  tasks.o(.bss.pxCurrentTCB)
    xBuzzerQueue                             0x20004100   Data           4  trial2.o(.bss.xBuzzerQueue)
    xLCDQueue                                0x20004130   Data           4  trial2.o(.bss.xLCDQueue)
    xUARTQueue                               0x2000418c   Data           4  trial2.o(.bss.xUARTQueue)



==============================================================================

Memory Map of the image

  Image Entry point : 0x00000315

  Load Region LR_1 (Base: 0x00000000, Size: 0x00002f28, Max: 0xffffffff, ABSOLUTE)

    Execution Region ER_RO (Exec base: 0x00000000, Load base: 0x00000000, Size: 0x00002f20, Max: 0xffffffff, ABSOLUTE)

    Exec Addr    Load Addr    Size         Type   Attr      Idx    E Section Name        Object

    0x00000000   0x00000000   0x0000026c   Data   RO          199    RESET               startup_tm4c123.o
    0x0000026c   0x0000026c   0x00000008   Code   RO         1059  * !!!main             c_w.l(__main.o)
    0x00000274   0x00000274   0x00000034   Code   RO         1255    !!!scatter          c_w.l(__scatter.o)
    0x000002a8   0x000002a8   0x0000001a   Code   RO         1257    !!handler_copy      c_w.l(__scatter_copy.o)
    0x000002c2   0x000002c2   0x00000002   PAD
    0x000002c4   0x000002c4   0x0000001c   Code   RO         1259    !!handler_zi        c_w.l(__scatter_zi.o)
    0x000002e0   0x000002e0   0x00000002   Code   RO         1119    .ARM.Collect$$libinit$$00000000  c_w.l(libinit.o)
    0x000002e2   0x000002e2   0x00000004   Code   RO         1125    .ARM.Collect$$libinit$$00000001  c_w.l(libinit2.o)
    0x000002e6   0x000002e6   0x00000000   Code   RO         1128    .ARM.Collect$$libinit$$00000004  c_w.l(libinit2.o)
    0x000002e6   0x000002e6   0x00000000   Code   RO         1131    .ARM.Collect$$libinit$$0000000A  c_w.l(libinit2.o)
    0x000002e6   0x000002e6   0x00000000   Code   RO         1133    .ARM.Collect$$libinit$$0000000C  c_w.l(libinit2.o)
    0x000002e6   0x000002e6   0x00000000   Code   RO         1135    .ARM.Collect$$libinit$$0000000E  c_w.l(libinit2.o)
    0x000002e6   0x000002e6   0x00000000   Code   RO         1138    .ARM.Collect$$libinit$$00000011  c_w.l(libinit2.o)
    0x000002e6   0x000002e6   0x00000000   Code   RO         1140    .ARM.Collect$$libinit$$00000013  c_w.l(libinit2.o)
    0x000002e6   0x000002e6   0x00000000   Code   RO         1142    .ARM.Collect$$libinit$$00000015  c_w.l(libinit2.o)
    0x000002e6   0x000002e6   0x00000000   Code   RO         1144    .ARM.Collect$$libinit$$00000017  c_w.l(libinit2.o)
    0x000002e6   0x000002e6   0x00000000   Code   RO         1146    .ARM.Collect$$libinit$$00000019  c_w.l(libinit2.o)
    0x000002e6   0x000002e6   0x00000000   Code   RO         1148    .ARM.Collect$$libinit$$0000001B  c_w.l(libinit2.o)
    0x000002e6   0x000002e6   0x00000000   Code   RO         1150    .ARM.Collect$$libinit$$0000001D  c_w.l(libinit2.o)
    0x000002e6   0x000002e6   0x00000000   Code   RO         1152    .ARM.Collect$$libinit$$0000001F  c_w.l(libinit2.o)
    0x000002e6   0x000002e6   0x00000000   Code   RO         1154    .ARM.Collect$$libinit$$00000021  c_w.l(libinit2.o)
    0x000002e6   0x000002e6   0x00000000   Code   RO         1156    .ARM.Collect$$libinit$$00000023  c_w.l(libinit2.o)
    0x000002e6   0x000002e6   0x00000000   Code   RO         1158    .ARM.Collect$$libinit$$00000025  c_w.l(libinit2.o)
    0x000002e6   0x000002e6   0x00000000   Code   RO         1162    .ARM.Collect$$libinit$$0000002C  c_w.l(libinit2.o)
    0x000002e6   0x000002e6   0x00000000   Code   RO         1164    .ARM.Collect$$libinit$$0000002E  c_w.l(libinit2.o)
    0x000002e6   0x000002e6   0x00000000   Code   RO         1166    .ARM.Collect$$libinit$$00000030  c_w.l(libinit2.o)
    0x000002e6   0x000002e6   0x00000000   Code   RO         1168    .ARM.Collect$$libinit$$00000032  c_w.l(libinit2.o)
    0x000002e6   0x000002e6   0x00000002   Code   RO         1169    .ARM.Collect$$libinit$$00000033  c_w.l(libinit2.o)
    0x000002e8   0x000002e8   0x00000002   Code   RO         1191    .ARM.Collect$$libshutdown$$00000000  c_w.l(libshutdown.o)
    0x000002ea   0x000002ea   0x00000000   Code   RO         1206    .ARM.Collect$$libshutdown$$00000002  c_w.l(libshutdown2.o)
    0x000002ea   0x000002ea   0x00000000   Code   RO         1208    .ARM.Collect$$libshutdown$$00000004  c_w.l(libshutdown2.o)
    0x000002ea   0x000002ea   0x00000000   Code   RO         1211    .ARM.Collect$$libshutdown$$00000007  c_w.l(libshutdown2.o)
    0x000002ea   0x000002ea   0x00000000   Code   RO         1214    .ARM.Collect$$libshutdown$$0000000A  c_w.l(libshutdown2.o)
    0x000002ea   0x000002ea   0x00000000   Code   RO         1216    .ARM.Collect$$libshutdown$$0000000C  c_w.l(libshutdown2.o)
    0x000002ea   0x000002ea   0x00000000   Code   RO         1219    .ARM.Collect$$libshutdown$$0000000F  c_w.l(libshutdown2.o)
    0x000002ea   0x000002ea   0x00000002   Code   RO         1220    .ARM.Collect$$libshutdown$$00000010  c_w.l(libshutdown2.o)
    0x000002ec   0x000002ec   0x00000000   Code   RO         1081    .ARM.Collect$$rtentry$$00000000  c_w.l(__rtentry.o)
    0x000002ec   0x000002ec   0x00000000   Code   RO         1096    .ARM.Collect$$rtentry$$00000002  c_w.l(__rtentry2.o)
    0x000002ec   0x000002ec   0x00000006   Code   RO         1108    .ARM.Collect$$rtentry$$00000004  c_w.l(__rtentry4.o)
    0x000002f2   0x000002f2   0x00000000   Code   RO         1098    .ARM.Collect$$rtentry$$00000009  c_w.l(__rtentry2.o)
    0x000002f2   0x000002f2   0x00000004   Code   RO         1099    .ARM.Collect$$rtentry$$0000000A  c_w.l(__rtentry2.o)
    0x000002f6   0x000002f6   0x00000000   Code   RO         1101    .ARM.Collect$$rtentry$$0000000C  c_w.l(__rtentry2.o)
    0x000002f6   0x000002f6   0x00000008   Code   RO         1102    .ARM.Collect$$rtentry$$0000000D  c_w.l(__rtentry2.o)
    0x000002fe   0x000002fe   0x00000002   Code   RO         1123    .ARM.Collect$$rtexit$$00000000  c_w.l(rtexit.o)
    0x00000300   0x00000300   0x00000000   Code   RO         1171    .ARM.Collect$$rtexit$$00000002  c_w.l(rtexit2.o)
    0x00000300   0x00000300   0x00000004   Code   RO         1172    .ARM.Collect$$rtexit$$00000003  c_w.l(rtexit2.o)
    0x00000304   0x00000304   0x00000006   Code   RO         1173    .ARM.Collect$$rtexit$$00000004  c_w.l(rtexit2.o)
    0x0000030a   0x0000030a   0x00000002   PAD
    0x0000030c   0x0000030c   0x00000006   Code   RO          688    .emb_text           driverlib.lib(sysctl.o)
    0x00000312   0x00000312   0x00000002   PAD
    0x00000314   0x00000314   0x00000114   Code   RO          200  * .text               startup_tm4c123.o
    0x00000428   0x00000428   0x0000003e   Code   RO         1051    .text               c_w.l(strlen.o)
    0x00000466   0x00000466   0x0000008a   Code   RO         1053    .text               c_w.l(rt_memcpy_v6.o)
    0x000004f0   0x000004f0   0x00000010   Code   RO         1055    .text               c_w.l(aeabi_memset4.o)
    0x00000500   0x00000500   0x00000006   Code   RO         1057    .text               c_w.l(heapauxi.o)
    0x00000506   0x00000506   0x00000064   Code   RO         1082    .text               c_w.l(rt_memcpy_w.o)
    0x0000056a   0x0000056a   0x0000004e   Code   RO         1084    .text               c_w.l(rt_memclr_w.o)
    0x000005b8   0x000005b8   0x0000004a   Code   RO         1110    .text               c_w.l(sys_stackheap_outer.o)
    0x00000602   0x00000602   0x00000012   Code   RO         1112    .text               c_w.l(exit.o)
    0x00000614   0x00000614   0x00000008   Code   RO         1120    .text               c_w.l(libspace.o)
    0x0000061c   0x0000061c   0x0000000c   Code   RO         1181    .text               c_w.l(sys_exit.o)
    0x00000628   0x00000628   0x00000002   Code   RO         1196    .text               c_w.l(use_no_semi.o)
    0x0000062a   0x0000062a   0x00000000   Code   RO         1198    .text               c_w.l(indicate_semi.o)
    0x0000062a   0x0000062a   0x00000002   PAD
    0x0000062c   0x0000062c   0x00000074   Code   RO          151    .text.ADC_Init      trial2.o
    0x000006a0   0x000006a0   0x0000003a   Code   RO          167    .text.Buzzer_Task   trial2.o
    0x000006da   0x000006da   0x00000002   PAD
    0x000006dc   0x000006dc   0x0000002c   Code   RO           34    .text.GPIODirModeSet  gpio.o
    0x00000708   0x00000708   0x0000017c   Code   RO           42    .text.GPIOPadConfigSet  gpio.o
    0x00000884   0x00000884   0x0000001a   Code   RO           86    .text.GPIOPinTypeGPIOOutput  gpio.o
    0x0000089e   0x0000089e   0x00000002   PAD
    0x000008a0   0x000008a0   0x00000006   Code   RO           66    .text.GPIOPinWrite  gpio.o
    0x000008a6   0x000008a6   0x00000002   PAD
    0x000008a8   0x000008a8   0x0000000c   Code   RO            4    .text.LCD_CTRL_BUS  lcd.o
    0x000008b4   0x000008b4   0x00000018   Code   RO            6    .text.LCD_DATA_BUS  lcd.o
    0x000008cc   0x000008cc   0x000000e0   Code   RO          169    .text.LCD_Task      trial2.o
    0x000009ac   0x000009ac   0x00000018   Code   RO           16    .text.LCD_clear     lcd.o
    0x000009c4   0x000009c4   0x00000040   Code   RO            2    .text.LCD_create    lcd.o
    0x00000a04   0x00000a04   0x0000003c   Code   RO           18    .text.LCD_inc_cnt   lcd.o
    0x00000a40   0x00000a40   0x000000a2   Code   RO           10    .text.LCD_init      lcd.o
    0x00000ae2   0x00000ae2   0x00000002   PAD
    0x00000ae4   0x00000ae4   0x0000004c   Code   RO           14    .text.LCD_sendByte  lcd.o
    0x00000b30   0x00000b30   0x00000058   Code   RO           12    .text.LCD_sendNibble  lcd.o
    0x00000b88   0x00000b88   0x0000002a   Code   RO           20    .text.LCD_sendString  lcd.o
    0x00000bb2   0x00000bb2   0x00000002   PAD
    0x00000bb4   0x00000bb4   0x00000024   Code   RO           22    .text.LCD_setPosition  lcd.o
    0x00000bd8   0x00000bd8   0x00000032   Code   RO            8    .text.LCD_setup     lcd.o
    0x00000c0a   0x00000c0a   0x00000006   PAD
    0x00000c10   0x00000c10   0x000001a0   Code   RO          163    .text.Main_Task     trial2.o
    0x00000db0   0x00000db0   0x0000003a   Code   RO          149    .text.PORTE_init    trial2.o
    0x00000dea   0x00000dea   0x00000002   PAD
    0x00000dec   0x00000dec   0x00000046   Code   RO          147    .text.PORTF_init    trial2.o
    0x00000e32   0x00000e32   0x00000002   PAD
    0x00000e34   0x00000e34   0x00000050   Code   RO          145    .text.PROJECT_Init  trial2.o
    0x00000e84   0x00000e84   0x0000000c   PAD
    0x00000e90   0x00000e90   0x00000064   Code   RO          262    .text.PendSV_Handler  port.o
    0x00000ef4   0x00000ef4   0x0000000c   PAD
    0x00000f00   0x00000f00   0x00000024   Code   RO          246    .text.SVC_Handler   port.o
    0x00000f24   0x00000f24   0x0000002e   Code   RO          264    .text.SysTick_Handler  port.o
    0x00000f52   0x00000f52   0x00000002   PAD
    0x00000f54   0x00000f54   0x00000070   Code   RO          211    .text.SystemInit    system_tm4c123.o
    0x00000fc4   0x00000fc4   0x00000014   Code   RO          155    .text.UART0_Receiver  trial2.o
    0x00000fd8   0x00000fd8   0x00000012   Code   RO          157    .text.UART0_Transmitter  trial2.o
    0x00000fea   0x00000fea   0x00000002   PAD
    0x00000fec   0x00000fec   0x00000064   Code   RO          153    .text.UART_Init     trial2.o
    0x00001050   0x00001050   0x000000c0   Code   RO          171    .text.UART_Task     trial2.o
    0x00001110   0x00001110   0x0000003c   Code   RO          481    .text.eTaskConfirmSleepModeStatus  tasks.o
    0x0000114c   0x0000114c   0x0000006a   Code   RO          165    .text.itoa          trial2.o
    0x000011b6   0x000011b6   0x00000002   PAD
    0x000011b8   0x000011b8   0x000000b8   Code   RO          189    .text.main          main0.o
    0x00001270   0x00001270   0x0000001c   Code   RO          159    .text.printstring   trial2.o
    0x0000128c   0x0000128c   0x000000aa   Code   RO          405    .text.prvAddCurrentTaskToDelayedList  tasks.o
    0x00001336   0x00001336   0x00000002   PAD
    0x00001338   0x00001338   0x000000ae   Code   RO          393    .text.prvAddNewTaskToReadyList  tasks.o
    0x000013e6   0x000013e6   0x00000002   PAD
    0x000013e8   0x000013e8   0x0000004e   Code   RO          521    .text.prvCheckTasksWaitingTermination  tasks.o
    0x00001436   0x00001436   0x00000002   PAD
    0x00001438   0x00001438   0x00000026   Code   RO          341    .text.prvCopyDataFromQueue  queue.o
    0x0000145e   0x0000145e   0x00000002   PAD
    0x00001460   0x00001460   0x0000007a   Code   RO          327    .text.prvCopyDataToQueue  queue.o
    0x000014da   0x000014da   0x00000002   PAD
    0x000014dc   0x000014dc   0x00000012   Code   RO          397    .text.prvDeleteTCB  tasks.o
    0x000014ee   0x000014ee   0x00000002   PAD
    0x000014f0   0x000014f0   0x00000044   Code   RO          523    .text.prvGetExpectedIdleTime  tasks.o
    0x00001534   0x00001534   0x00000072   Code   RO          431    .text.prvIdleTask   tasks.o
    0x000015a6   0x000015a6   0x00000002   PAD
    0x000015a8   0x000015a8   0x00000024   Code   RO          307    .text.prvInitialiseNewQueue  queue.o
    0x000015cc   0x000015cc   0x0000009c   Code   RO          391    .text.prvInitialiseNewTask  tasks.o
    0x00001668   0x00001668   0x0000006e   Code   RO          519    .text.prvInitialiseTaskLists  tasks.o
    0x000016d6   0x000016d6   0x00000002   PAD
    0x000016d8   0x000016d8   0x00000018   Code   RO          343    .text.prvIsQueueEmpty  queue.o
    0x000016f0   0x000016f0   0x0000001c   Code   RO          331    .text.prvIsQueueFull  queue.o
    0x0000170c   0x0000170c   0x00000076   Code   RO          329    .text.prvNotifyQueueSetContainer  queue.o
    0x00001782   0x00001782   0x00000002   PAD
    0x00001784   0x00001784   0x00000028   Code   RO          254    .text.prvPortStartFirstTask  port.o
    0x000017ac   0x000017ac   0x00000028   Code   RO          399    .text.prvResetNextTaskUnblockTime  tasks.o
    0x000017d4   0x000017d4   0x00000032   Code   RO          244    .text.prvTaskExitError  port.o
    0x00001806   0x00001806   0x00000002   PAD
    0x00001808   0x00001808   0x00000086   Code   RO          333    .text.prvUnlockQueue  queue.o
    0x0000188e   0x0000188e   0x00000002   PAD
    0x00001890   0x00001890   0x0000005a   Code   RO          284    .text.pvPortMalloc  heap_1.o
    0x000018ea   0x000018ea   0x00000002   PAD
    0x000018ec   0x000018ec   0x00000028   Code   RO          242    .text.pxPortInitialiseStack  port.o
    0x00001914   0x00001914   0x00000020   Code   RO          175    .text.reverse       trial2.o
    0x00001934   0x00001934   0x0000000a   Code   RO          173    .text.swap          trial2.o
    0x0000193e   0x0000193e   0x00000002   PAD
    0x00001940   0x00001940   0x00000024   Code   RO          232    .text.uxListRemove  list.o
    0x00001964   0x00001964   0x00000016   Code   RO          224    .text.vListInitialise  list.o
    0x0000197a   0x0000197a   0x00000002   PAD
    0x0000197c   0x0000197c   0x00000006   Code   RO          226    .text.vListInitialiseItem  list.o
    0x00001982   0x00001982   0x00000002   PAD
    0x00001984   0x00001984   0x0000003a   Code   RO          230    .text.vListInsert   list.o
    0x000019be   0x000019be   0x00000002   PAD
    0x000019c0   0x000019c0   0x0000001c   Code   RO          228    .text.vListInsertEnd  list.o
    0x000019dc   0x000019dc   0x00000014   Code   RO          252    .text.vPortEnableVFP  port.o
    0x000019f0   0x000019f0   0x00000046   Code   RO          258    .text.vPortEnterCritical  port.o
    0x00001a36   0x00001a36   0x00000002   PAD
    0x00001a38   0x00001a38   0x0000002e   Code   RO          260    .text.vPortExitCritical  port.o
    0x00001a66   0x00001a66   0x00000002   PAD
    0x00001a68   0x00001a68   0x0000001a   Code   RO          286    .text.vPortFree     heap_1.o
    0x00001a82   0x00001a82   0x00000002   PAD
    0x00001a84   0x00001a84   0x00000064   Code   RO          250    .text.vPortSetupTimerInterrupt  port.o
    0x00001ae8   0x00001ae8   0x00000114   Code   RO          266    .text.vPortSuppressTicksAndSleep  port.o
    0x00001bfc   0x00001bfc   0x00000054   Code   RO          409    .text.vTaskDelay    tasks.o
    0x00001c50   0x00001c50   0x0000001a   Code   RO          471    .text.vTaskInternalSetTimeOutState  tasks.o
    0x00001c6a   0x00001c6a   0x00000002   PAD
    0x00001c6c   0x00001c6c   0x0000000e   Code   RO          475    .text.vTaskMissedYield  tasks.o
    0x00001c7a   0x00001c7a   0x00000002   PAD
    0x00001c7c   0x00001c7c   0x00000032   Code   RO          461    .text.vTaskPlaceOnEventList  tasks.o
    0x00001cae   0x00001cae   0x00000002   PAD
    0x00001cb0   0x00001cb0   0x0000008c   Code   RO          429    .text.vTaskStartScheduler  tasks.o
    0x00001d3c   0x00001d3c   0x00000036   Code   RO          455    .text.vTaskStepTick  tasks.o
    0x00001d72   0x00001d72   0x00000002   PAD
    0x00001d74   0x00001d74   0x00000010   Code   RO          403    .text.vTaskSuspendAll  tasks.o
    0x00001d84   0x00001d84   0x00000086   Code   RO          421    .text.vTaskSwitchContext  tasks.o
    0x00001e0a   0x00001e0a   0x00000002   PAD
    0x00001e0c   0x00001e0c   0x00000112   Code   RO          248    .text.xPortStartScheduler  port.o
    0x00001f1e   0x00001f1e   0x00000002   PAD
    0x00001f20   0x00001f20   0x00000042   Code   RO          305    .text.xQueueGenericCreate  queue.o
    0x00001f62   0x00001f62   0x00000002   PAD
    0x00001f64   0x00001f64   0x0000007e   Code   RO          303    .text.xQueueGenericReset  queue.o
    0x00001fe2   0x00001fe2   0x00000002   PAD
    0x00001fe4   0x00001fe4   0x000001d0   Code   RO          319    .text.xQueueGenericSend  queue.o
    0x000021b4   0x000021b4   0x00000184   Code   RO          339    .text.xQueueReceive  queue.o
    0x00002338   0x00002338   0x000000a2   Code   RO          473    .text.xTaskCheckForTimeOut  tasks.o
    0x000023da   0x000023da   0x00000002   PAD
    0x000023dc   0x000023dc   0x00000060   Code   RO          389    .text.xTaskCreate   tasks.o
    0x0000243c   0x0000243c   0x00000026   Code   RO          493    .text.xTaskGetSchedulerState  tasks.o
    0x00002462   0x00002462   0x00000002   PAD
    0x00002464   0x00002464   0x00000164   Code   RO          435    .text.xTaskIncrementTick  tasks.o
    0x000025c8   0x000025c8   0x000000b2   Code   RO          497    .text.xTaskPriorityDisinherit  tasks.o
    0x0000267a   0x0000267a   0x00000002   PAD
    0x0000267c   0x0000267c   0x0000009c   Code   RO          465    .text.xTaskRemoveFromEventList  tasks.o
    0x00002718   0x00002718   0x00000118   Code   RO          407    .text.xTaskResumeAll  tasks.o
    0x00002830   0x00002830   0x00000028   Code   RO          722    i.SysCtlPeripheralEnable  driverlib.lib(sysctl.o)
    0x00002858   0x00002858   0x00000062   Code   RO         1061    x$fpl$d2f           fz_wm.l(d2f.o)
    0x000028ba   0x000028ba   0x00000002   PAD
    0x000028bc   0x000028bc   0x000002b4   Code   RO         1064    x$fpl$ddiv          fz_wm.l(ddiv.o)
    0x00002b70   0x00002b70   0x0000005e   Code   RO         1067    x$fpl$dfix          fz_wm.l(dfix.o)
    0x00002bce   0x00002bce   0x0000002e   Code   RO         1072    x$fpl$dflt          fz_wm.l(dflt_clz.o)
    0x00002bfc   0x00002bfc   0x00000154   Code   RO         1077    x$fpl$dmul          fz_wm.l(dmul.o)
    0x00002d50   0x00002d50   0x0000009c   Code   RO         1086    x$fpl$dnaninf       fz_wm.l(dnaninf.o)
    0x00002dec   0x00002dec   0x0000000c   Code   RO         1088    x$fpl$dretinf       fz_wm.l(dretinf.o)
    0x00002df8   0x00002df8   0x00000056   Code   RO         1079    x$fpl$f2d           fz_wm.l(f2d.o)
    0x00002e4e   0x00002e4e   0x0000008c   Code   RO         1090    x$fpl$fnaninf       fz_wm.l(fnaninf.o)
    0x00002eda   0x00002eda   0x0000001a   Code   RO         1179    x$fpl$fpinit        fz_wm.l(fpinit.o)
    0x00002ef4   0x00002ef4   0x0000000a   Code   RO         1092    x$fpl$fretinf       fz_wm.l(fretinf.o)
    0x00002efe   0x00002efe   0x00000000   Code   RO         1094    x$fpl$usenofp       fz_wm.l(usenofp.o)
    0x00002efe   0x00002efe   0x00000002   Data   RO          180    .rodata.str1.1      trial2.o
    0x00002f00   0x00002f00   0x00000020   Data   RO         1254    Region$$Table       anon$$obj.o


    Execution Region ER_RW (Exec base: 0x20000000, Load base: 0x00002f20, Size: 0x00000008, Max: 0xffffffff, ABSOLUTE)

    Exec Addr    Load Addr    Size         Type   Attr      Idx    E Section Name        Object

    0x20000000   0x00002f20   0x00000004   Data   RW          213    .data.SystemCoreClock  system_tm4c123.o
    0x20000004   0x00002f24   0x00000004   Data   RW          272    .data.uxCriticalNesting  port.o


    Execution Region ER_ZI (Exec base: 0x20000008, Load base: 0x00002f28, Size: 0x00004390, Max: 0xffffffff, ABSOLUTE)

    Exec Addr    Load Addr    Size         Type   Attr      Idx    E Section Name        Object

    0x20000008        -       0x00000060   Zero   RW         1121    .bss                c_w.l(libspace.o)
    0x20000068        -       0x00000004   Zero   RW          292    .bss.pvPortMalloc.pucAlignedHeap  heap_1.o
    0x2000006c        -       0x00000004   Zero   RW          525    .bss.pxCurrentTCB   tasks.o
    0x20000070        -       0x00000004   Zero   RW          535    .bss.pxDelayedTaskList  tasks.o
    0x20000074        -       0x00000004   Zero   RW          536    .bss.pxOverflowDelayedTaskList  tasks.o
    0x20000078        -       0x00000064   Zero   RW          526    .bss.pxReadyTasksLists  tasks.o
    0x200000dc        -       0x00004000   Zero   RW          293    .bss.ucHeap         heap_1.o
    0x200040dc        -       0x00000001   Zero   RW          270    .bss.ucMaxSysCallPriority  port.o
    0x200040dd   0x00002f28   0x00000003   PAD
    0x200040e0        -       0x00000004   Zero   RW          271    .bss.ulMaxPRIGROUPValue  port.o
    0x200040e4        -       0x00000001   Zero   RW          275    .bss.ulStoppedTimerCompensation  port.o
    0x200040e5   0x00002f28   0x00000003   PAD
    0x200040e8        -       0x00000004   Zero   RW          274    .bss.ulTimerCountsForOneTick  port.o
    0x200040ec        -       0x00000004   Zero   RW          531    .bss.uxCurrentNumberOfTasks  tasks.o
    0x200040f0        -       0x00000004   Zero   RW          530    .bss.uxDeletedTasksWaitingCleanUp  tasks.o
    0x200040f4        -       0x00000004   Zero   RW          533    .bss.uxSchedulerSuspended  tasks.o
    0x200040f8        -       0x00000004   Zero   RW          528    .bss.uxTaskNumber   tasks.o
    0x200040fc        -       0x00000004   Zero   RW          527    .bss.uxTopReadyPriority  tasks.o
    0x20004100        -       0x00000004   Zero   RW          179    .bss.xBuzzerQueue   trial2.o
    0x20004104        -       0x00000014   Zero   RW          544    .bss.xDelayedTaskList1  tasks.o
    0x20004118        -       0x00000014   Zero   RW          545    .bss.xDelayedTaskList2  tasks.o
    0x2000412c        -       0x00000004   Zero   RW          539    .bss.xIdleTaskHandle  tasks.o
    0x20004130        -       0x00000004   Zero   RW          178    .bss.xLCDQueue      trial2.o
    0x20004134        -       0x00000004   Zero   RW          273    .bss.xMaximumPossibleSuppressedTicks  port.o
    0x20004138        -       0x00000004   Zero   RW          294    .bss.xNextFreeByte  heap_1.o
    0x2000413c        -       0x00000004   Zero   RW          540    .bss.xNextTaskUnblockTime  tasks.o
    0x20004140        -       0x00000004   Zero   RW          543    .bss.xNumOfOverflows  tasks.o
    0x20004144        -       0x00000004   Zero   RW          542    .bss.xPendedTicks   tasks.o
    0x20004148        -       0x00000014   Zero   RW          538    .bss.xPendingReadyList  tasks.o
    0x2000415c        -       0x00000004   Zero   RW          532    .bss.xSchedulerRunning  tasks.o
    0x20004160        -       0x00000014   Zero   RW          537    .bss.xSuspendedTaskList  tasks.o
    0x20004174        -       0x00000014   Zero   RW          529    .bss.xTasksWaitingTermination  tasks.o
    0x20004188        -       0x00000004   Zero   RW          534    .bss.xTickCount     tasks.o
    0x2000418c        -       0x00000004   Zero   RW          177    .bss.xUARTQueue     trial2.o
    0x20004190        -       0x00000004   Zero   RW          541    .bss.xYieldPending  tasks.o
    0x20004194   0x00002f28   0x00000004   PAD
    0x20004198        -       0x00000000   Zero   RW          198    HEAP                startup_tm4c123.o
    0x20004198        -       0x00000200   Zero   RW          197    STACK               startup_tm4c123.o


==============================================================================

Image component sizes


      Code (inc. data)   RO Data    RW Data    ZI Data      Debug   Object Name

       456          0          0          0          0      12679   gpio.o
       116          0          0          0      16392       1765   heap_1.o
       638          0          0          0          0       3834   lcd.o
       150          0          0          0          0       2313   list.o
       184         68          0          0          0        339   main0.o
      1098         16          0          4         14       4987   port.o
      1544          0          0          0          0      21721   queue.o
       276         24        620          0        512       5456   startup_tm4c123.o
       112          0          0          4          0       6500   system_tm4c123.o
      2772          8          0          0        260      31035   tasks.o
      1528        148          2          0         12      12066   trial2.o

    ----------------------------------------------------------------------
      8984        276        654          8      17200     102695   Object Totals
         0          0         32          0          0          0   (incl. Generated)
       110         12          0          0         10          0   (incl. Padding)

    ----------------------------------------------------------------------

      Code (inc. data)   RO Data    RW Data    ZI Data      Debug   Library Member Name

         8          0          0          0          0         68   __main.o
         0          0          0          0          0          0   __rtentry.o
        12          0          0          0          0          0   __rtentry2.o
         6          0          0          0          0          0   __rtentry4.o
        52          8          0          0          0          0   __scatter.o
        26          0          0          0          0          0   __scatter_copy.o
        28          0          0          0          0          0   __scatter_zi.o
        16          0          0          0          0         68   aeabi_memset4.o
        18          0          0          0          0         80   exit.o
         6          0          0          0          0        152   heapauxi.o
         0          0          0          0          0          0   indicate_semi.o
         2          0          0          0          0          0   libinit.o
         6          0          0          0          0          0   libinit2.o
         2          0          0          0          0          0   libshutdown.o
         2          0          0          0          0          0   libshutdown2.o
         8          4          0          0         96         68   libspace.o
        78          0          0          0          0         80   rt_memclr_w.o
       138          0          0          0          0         68   rt_memcpy_v6.o
       100          0          0          0          0         80   rt_memcpy_w.o
         2          0          0          0          0          0   rtexit.o
        10          0          0          0          0          0   rtexit2.o
        62          0          0          0          0         76   strlen.o
        12          4          0          0          0         68   sys_exit.o
        74          0          0          0          0         80   sys_stackheap_outer.o
         2          0          0          0          0         68   use_no_semi.o
         0          0          0          0          0       4492   interrupt.o
        46          4          0          0          0        877   sysctl.o
        98          4          0          0          0        140   d2f.o
       692        140          0          0          0        264   ddiv.o
        94          4          0          0          0        140   dfix.o
        46          0          0          0          0        116   dflt_clz.o
       340         12          0          0          0        152   dmul.o
       156          4          0          0          0        140   dnaninf.o
        12          0          0          0          0        116   dretinf.o
        86          4          0          0          0        132   f2d.o
       140          4          0          0          0        132   fnaninf.o
        26          0          0          0          0        116   fpinit.o
        10          0          0          0          0        116   fretinf.o
         0          0          0          0          0          0   usenofp.o

    ----------------------------------------------------------------------
      2426        192          0          0         96       7889   Library Totals
        10          0          0          0          0          0   (incl. Padding)

    ----------------------------------------------------------------------

      Code (inc. data)   RO Data    RW Data    ZI Data      Debug   Library Name

       670         16          0          0         96        956   c_w.l
        46          4          0          0          0       5369   driverlib.lib
      1700        172          0          0          0       1564   fz_wm.l

    ----------------------------------------------------------------------
      2426        192          0          0         96       7889   Library Totals

    ----------------------------------------------------------------------

==============================================================================


      Code (inc. data)   RO Data    RW Data    ZI Data      Debug   

     11410        468        654          8      17296     108924   Grand Totals
     11410        468        654          8      17296     108924   ELF Image Totals
     11410        468        654          8          0          0   ROM Totals

==============================================================================

    Total RO  Size (Code + RO Data)                12064 (  11.78kB)
    Total RW  Size (RW Data + ZI Data)             17304 (  16.90kB)
    Total ROM Size (Code + RO Data + RW Data)      12072 (  11.79kB)

==============================================================================

